A51 MACRO ASSEMBLER  MAIN                                                                 02/17/2023 23:33:13 PAGE     1


MACRO ASSEMBLER A51 V8.2.7.0
OBJECT MODULE PLACED IN .\Objects\main.obj
ASSEMBLER INVOKED BY: D:\Keil_v5\C51\BIN\A51.EXE Main\main.asm INCDIR(.\Main;.\Lib) SET(SMALL) DEBUG PRINT(.\Listings\ma
                      in.lst) OBJECT(.\Objects\main.obj) EP

LOC  OBJ            LINE     SOURCE

                       1     
                       2     
                       3     
                       4     
                       5     
                       6     
                       7     
  REG                  8     REC EQU R1
  REG                  9     ROW EQU R2 
  REG                 10     COL EQU R3
----                  11     CSEG AT 0000H
0000                  12     ORG 0000H
0000 807E             13     JMP START
                      14     
0023                  15     ORG 0023H  ;串口中断函数
                      16     
0023 A999             17             MOV REC,SBUF
0025 C298             18             CLR RI
0027 EA               19             MOV A,ROW
0028 6440             20             XRL A,#64
002A 600B             21             JZ NEXTPICTURE
002C                  22             BACK1:
002C EB               23             MOV A,COL
002D 6410             24             XRL A,#16
002F 600F             25             JZ NEXTROW 
0031                  26             BACK2:
0031 0B               27             INC COL
0032 E9               28             MOV A,REC
0033 120000   F       29             CALL WDAT
                      30             ;测试用
                      31             
                      32     
                      33     
                      34     
                      35     
0036 32               36             RETI
                      37     
0037                  38     NEXTPICTURE:
0037 7A00             39             MOV ROW,#00H
0039 7436             40             MOV A,#36H
003B 120000   F       41             CALL WCMD
003E 80EC             42             JMP BACK1
                      43     
0040                  44     NEXTROW:
0040 7B00             45             MOV COL,#00H
0042 0A               46             INC ROW
0043 EA               47             MOV A,ROW
0044 75F020           48             MOV B,#32
0047 84               49             DIV AB
0048 6013             50             JZ AREA2
004A 8002             51             JMP AREA1
004C                  52             BACK3:
004C 80E3             53             JMP BACK2
                      54     
004E                  55     AREA1:
004E EA               56             MOV A,ROW
004F 2480             57             ADD A,#80H
A51 MACRO ASSEMBLER  MAIN                                                                 02/17/2023 23:33:13 PAGE     2

0051 9420             58             SUBB A,#32
0053 120000   F       59             CALL WCMD
0056 7488             60             MOV A,#88H
0058 120000   F       61             CALL WCMD
005B 80EF             62             JMP BACK3
005D                  63     AREA2:
005D EA               64             MOV A,ROW
005E 2480             65             ADD A,#80H
0060 120000   F       66             CALL WCMD
0063 7480             67             MOV A,#80H
0065 120000   F       68             CALL WCMD
0068 80E2             69             JMP BACK3
                      70             
0080                  71     ORG 0080H
                      72     
                      73     EXTRN CODE (INIT,WDAT,WCMD)
                      74     EXTRN CODE (UART_INIT)
                      75     EXTRN CODE (DELAY)
                      76     
0080                  77     START:
                      78             
0080 7900             79             MOV REC,#0
0082 7A00             80             MOV ROW,#0
0084 7B00             81             MOV COL,#0
                      82             
0086 120000   F       83             CALL INIT
0089 120000   F       84             CALL UART_INIT
                      85             
008C 7480             86             MOV A,#80H
008E 120000   F       87             CALL WCMD
0091 7432             88             MOV A,#50
0093 120000   F       89             CALL DELAY
0096 7480             90             MOV A,#80H
0098 120000   F       91             CALL WCMD
009B 7432             92             MOV A,#50
009D 120000   F       93             CALL DELAY
                      94             
00A0                  95     LOOP:
00A0 00               96             NOP
00A1 80FD             97             JMP LOOP
                      98                     
                      99                     
                     100     END
A51 MACRO ASSEMBLER  MAIN                                                                 02/17/2023 23:33:13 PAGE     3

SYMBOL TABLE LISTING
------ ----- -------


N A M E             T Y P E  V A L U E   ATTRIBUTES

AREA1. . . . . . .  C ADDR   004EH   A   
AREA2. . . . . . .  C ADDR   005DH   A   
B. . . . . . . . .  D ADDR   00F0H   A   
BACK1. . . . . . .  C ADDR   002CH   A   
BACK2. . . . . . .  C ADDR   0031H   A   
BACK3. . . . . . .  C ADDR   004CH   A   
COL. . . . . . . .    REG    R3          
DELAY. . . . . . .  C ADDR   -----       EXT
INIT . . . . . . .  C ADDR   -----       EXT
LOOP . . . . . . .  C ADDR   00A0H   A   
NEXTPICTURE. . . .  C ADDR   0037H   A   
NEXTROW. . . . . .  C ADDR   0040H   A   
REC. . . . . . . .    REG    R1          
RI . . . . . . . .  B ADDR   0098H.0 A   
ROW. . . . . . . .    REG    R2          
SBUF . . . . . . .  D ADDR   0099H   A   
START. . . . . . .  C ADDR   0080H   A   
UART_INIT. . . . .  C ADDR   -----       EXT
WCMD . . . . . . .  C ADDR   -----       EXT
WDAT . . . . . . .  C ADDR   -----       EXT


REGISTER BANK(S) USED: 0 


ASSEMBLY COMPLETE.  0 WARNING(S), 0 ERROR(S)
