Component: ARM Compiler 5.06 update 5 (build 528) Tool: armlink [4d35e2]

==============================================================================

Section Cross References

    main.o(.text) refers to delay.o(.text) for delay_init
    main.o(.text) refers to misc.o(.text) for NVIC_PriorityGroupConfig
    main.o(.text) refers to usart.o(.text) for uart_init
    main.o(.text) refers to usart3.o(.text) for usart3_init
    main.o(.text) refers to usart2.o(.text) for usart2_init
    main.o(.text) refers to relay.o(.text) for RELAY_Init
    main.o(.text) refers to led.o(.text) for LED_Init
    main.o(.text) refers to beep.o(.text) for BEEP_Init
    main.o(.text) refers to mq2.o(.text) for MQ2_Init
    main.o(.text) refers to key.o(.text) for KEY_Init
    main.o(.text) refers to lcd.o(.text) for LCD_Init
    main.o(.text) refers to vs10xx.o(.text) for VS_Init
    main.o(.text) refers to w25qxx.o(.text) for W25QXX_Init
    main.o(.text) refers to malloc.o(.text) for my_mem_init
    main.o(.text) refers to exfuns.o(.text) for exfuns_init
    main.o(.text) refers to ff.o(.text) for f_mount
    main.o(.text) refers to piclib.o(.text) for piclib_init
    main.o(.text) refers to timer.o(.text) for TIM3_PWM_Init
    main.o(.text) refers to stm32f10x_tim.o(.text) for TIM_SetCompare2
    main.o(.text) refers to sdio_sdcard.o(.text) for SD_Init
    main.o(.text) refers to fontupd.o(.text) for update_font
    main.o(.text) refers to page.o(.text) for BackgroundInit
    main.o(.text) refers to usmart_config.o(.data) for usmart_dev
    main.o(.text) refers to touch.o(.data) for tp_dev
    main.o(.text) refers to exfuns.o(.data) for fs
    main.o(.text) refers to lcd.o(.data) for POINT_COLOR
    system_stm32f10x.o(.text) refers to system_stm32f10x.o(.data) for SystemCoreClock
    page.o(.text) refers to esp8266.o(.text) for ESP8266_Init
    page.o(.text) refers to delay.o(.text) for delay_ms
    page.o(.text) refers to onenet.o(.text) for OneNet_DevLink
    page.o(.text) refers to dht11.o(.text) for DHT11_Read_Data
    page.o(.text) refers to lcd.o(.text) for LCD_ShowNum
    page.o(.text) refers to mq2.o(.text) for MQ2_Scan
    page.o(.text) refers to printfa.o(i.__0sprintf) for __2sprintf
    page.o(.text) refers to printfa.o(i.__0printf) for __2printf
    page.o(.text) refers to strlen.o(.text) for strlen
    page.o(.text) refers to cjson.o(.text) for cJSON_Parse
    page.o(.text) refers to strcpy.o(.text) for strcpy
    page.o(.text) refers to text.o(.text) for Show_Str
    page.o(.text) refers to piclib.o(.text) for ai_load_picfile
    page.o(.text) refers to ff.o(.text) for f_opendir
    page.o(.text) refers to mp3player.o(.text) for mp3_get_tnum
    page.o(.text) refers to malloc.o(.text) for mymalloc
    page.o(.text) refers to touch.o(.data) for tp_dev
    page.o(.text) refers to page.o(.data) for topics
    page.o(.text) refers to page.o(.bss) for PUB_BUF
    page.o(.text) refers to usart3.o(.bss) for JSON_BUF
    page.o(.text) refers to lcd.o(.data) for POINT_COLOR
    page.o(.text) refers to lcd.o(.bss) for lcddev
    page.o(.text) refers to vs10xx.o(.text) for VS_HD_Reset
    page.o(.text) refers to exfuns.o(.text) for f_typetell
    page.o(.text) refers to strcat.o(.text) for strcat
    page.o(.text) refers to vs10xx.o(.data) for vsset
    page.o(.data) refers to page.o(.conststring) for .conststring
    led.o(.text) refers to stm32f10x_rcc.o(.text) for RCC_APB2PeriphClockCmd
    led.o(.text) refers to stm32f10x_gpio.o(.text) for GPIO_Init
    key.o(.text) refers to stm32f10x_rcc.o(.text) for RCC_APB2PeriphClockCmd
    key.o(.text) refers to stm32f10x_gpio.o(.text) for GPIO_Init
    key.o(.text) refers to delay.o(.text) for delay_ms
    key.o(.text) refers to key.o(.data) for key_up
    lcd.o(.text) refers to delay.o(.text) for delay_us
    lcd.o(.text) refers to lcd.o(.bss) for lcddev
    lcd.o(.text) refers to lcd.o(.data) for POINT_COLOR
    lcd.o(.text) refers to dfltui.o(.text) for __aeabi_ui2d
    lcd.o(.text) refers to dmul.o(.text) for __aeabi_dmul
    lcd.o(.text) refers to dfixui.o(.text) for __aeabi_d2uiz
    lcd.o(.text) refers to stm32f10x_rcc.o(.text) for RCC_AHBPeriphClockCmd
    lcd.o(.text) refers to stm32f10x_gpio.o(.text) for GPIO_Init
    lcd.o(.text) refers to stm32f10x_fsmc.o(.text) for FSMC_NORSRAMInit
    lcd.o(.text) refers to printfa.o(i.__0printf) for __2printf
    lcd.o(.text) refers to lcd.o(.constdata) for asc2_1206
    spi.o(.text) refers to stm32f10x_spi.o(.text) for SPI_I2S_GetFlagStatus
    spi.o(.text) refers to stm32f10x_rcc.o(.text) for RCC_APB2PeriphClockCmd
    spi.o(.text) refers to stm32f10x_gpio.o(.text) for GPIO_Init
    w25qxx.o(.text) refers to spi.o(.text) for SPI2_ReadWriteByte
    w25qxx.o(.text) refers to stm32f10x_rcc.o(.text) for RCC_APB2PeriphClockCmd
    w25qxx.o(.text) refers to stm32f10x_gpio.o(.text) for GPIO_Init
    w25qxx.o(.text) refers to printfa.o(i.__0printf) for __2printf
    w25qxx.o(.text) refers to delay.o(.text) for delay_us
[...]
    FSMC_ITConfig                            0x0800ede3   Thumb Code   128  stm32f10x_fsmc.o(.text)
    FSMC_GetFlagStatus                       0x0800ee63   Thumb Code    54  stm32f10x_fsmc.o(.text)
    FSMC_ClearFlag                           0x0800ee99   Thumb Code    62  stm32f10x_fsmc.o(.text)
    FSMC_GetITStatus                         0x0800eed7   Thumb Code    64  stm32f10x_fsmc.o(.text)
    FSMC_ClearITPendingBit                   0x0800ef17   Thumb Code    68  stm32f10x_fsmc.o(.text)
    GPIO_DeInit                              0x0800ef65   Thumb Code   172  stm32f10x_gpio.o(.text)
    GPIO_AFIODeInit                          0x0800f011   Thumb Code    20  stm32f10x_gpio.o(.text)
    GPIO_Init                                0x0800f025   Thumb Code   278  stm32f10x_gpio.o(.text)
    GPIO_StructInit                          0x0800f13b   Thumb Code    16  stm32f10x_gpio.o(.text)
    GPIO_ReadInputDataBit                    0x0800f14b   Thumb Code    18  stm32f10x_gpio.o(.text)
    GPIO_ReadInputData                       0x0800f15d   Thumb Code     8  stm32f10x_gpio.o(.text)
    GPIO_ReadOutputDataBit                   0x0800f165   Thumb Code    18  stm32f10x_gpio.o(.text)
    GPIO_ReadOutputData                      0x0800f177   Thumb Code     8  stm32f10x_gpio.o(.text)
    GPIO_SetBits                             0x0800f17f   Thumb Code     4  stm32f10x_gpio.o(.text)
    GPIO_ResetBits                           0x0800f183   Thumb Code     4  stm32f10x_gpio.o(.text)
    GPIO_WriteBit                            0x0800f187   Thumb Code    10  stm32f10x_gpio.o(.text)
    GPIO_Write                               0x0800f191   Thumb Code     4  stm32f10x_gpio.o(.text)
    GPIO_PinLockConfig                       0x0800f195   Thumb Code    18  stm32f10x_gpio.o(.text)
    GPIO_EventOutputConfig                   0x0800f1a7   Thumb Code    26  stm32f10x_gpio.o(.text)
    GPIO_EventOutputCmd                      0x0800f1c1   Thumb Code     6  stm32f10x_gpio.o(.text)
    GPIO_PinRemapConfig                      0x0800f1c7   Thumb Code   138  stm32f10x_gpio.o(.text)
    GPIO_EXTILineConfig                      0x0800f251   Thumb Code    66  stm32f10x_gpio.o(.text)
    GPIO_ETH_MediaInterfaceConfig            0x0800f293   Thumb Code     8  stm32f10x_gpio.o(.text)
    RCC_DeInit                               0x0800f2c1   Thumb Code    64  stm32f10x_rcc.o(.text)
    RCC_HSEConfig                            0x0800f301   Thumb Code    70  stm32f10x_rcc.o(.text)
    RCC_GetFlagStatus                        0x0800f347   Thumb Code    56  stm32f10x_rcc.o(.text)
    RCC_WaitForHSEStartUp                    0x0800f37f   Thumb Code    56  stm32f10x_rcc.o(.text)
    RCC_AdjustHSICalibrationValue            0x0800f3b7   Thumb Code    20  stm32f10x_rcc.o(.text)
    RCC_HSICmd                               0x0800f3cb   Thumb Code     6  stm32f10x_rcc.o(.text)
    RCC_PLLConfig                            0x0800f3d1   Thumb Code    24  stm32f10x_rcc.o(.text)
    RCC_PLLCmd                               0x0800f3e9   Thumb Code     6  stm32f10x_rcc.o(.text)
    RCC_SYSCLKConfig                         0x0800f3ef   Thumb Code    18  stm32f10x_rcc.o(.text)
    RCC_GetSYSCLKSource                      0x0800f401   Thumb Code    10  stm32f10x_rcc.o(.text)
    RCC_HCLKConfig                           0x0800f40b   Thumb Code    18  stm32f10x_rcc.o(.text)
    RCC_PCLK1Config                          0x0800f41d   Thumb Code    18  stm32f10x_rcc.o(.text)
    RCC_PCLK2Config                          0x0800f42f   Thumb Code    20  stm32f10x_rcc.o(.text)
    RCC_ITConfig                             0x0800f443   Thumb Code    26  stm32f10x_rcc.o(.text)
    RCC_USBCLKConfig                         0x0800f45d   Thumb Code     8  stm32f10x_rcc.o(.text)
    RCC_ADCCLKConfig                         0x0800f465   Thumb Code    18  stm32f10x_rcc.o(.text)
    RCC_LSEConfig                            0x0800f477   Thumb Code    50  stm32f10x_rcc.o(.text)
    RCC_LSICmd                               0x0800f4a9   Thumb Code     6  stm32f10x_rcc.o(.text)
    RCC_RTCCLKConfig                         0x0800f4af   Thumb Code    12  stm32f10x_rcc.o(.text)
    RCC_RTCCLKCmd                            0x0800f4bb   Thumb Code     8  stm32f10x_rcc.o(.text)
    RCC_GetClocksFreq                        0x0800f4c3   Thumb Code   192  stm32f10x_rcc.o(.text)
    RCC_AHBPeriphClockCmd                    0x0800f583   Thumb Code    26  stm32f10x_rcc.o(.text)
    RCC_APB2PeriphClockCmd                   0x0800f59d   Thumb Code    26  stm32f10x_rcc.o(.text)
    RCC_APB1PeriphClockCmd                   0x0800f5b7   Thumb Code    26  stm32f10x_rcc.o(.text)
    RCC_APB2PeriphResetCmd                   0x0800f5d1   Thumb Code    26  stm32f10x_rcc.o(.text)
    RCC_APB1PeriphResetCmd                   0x0800f5eb   Thumb Code    26  stm32f10x_rcc.o(.text)
    RCC_BackupResetCmd                       0x0800f605   Thumb Code     8  stm32f10x_rcc.o(.text)
    RCC_ClockSecuritySystemCmd               0x0800f60d   Thumb Code     6  stm32f10x_rcc.o(.text)
    RCC_MCOConfig                            0x0800f613   Thumb Code     6  stm32f10x_rcc.o(.text)
    RCC_ClearFlag                            0x0800f619   Thumb Code    14  stm32f10x_rcc.o(.text)
    RCC_GetITStatus                          0x0800f627   Thumb Code    20  stm32f10x_rcc.o(.text)
    RCC_ClearITPendingBit                    0x0800f63b   Thumb Code     6  stm32f10x_rcc.o(.text)
    SPI_I2S_DeInit                           0x0800f665   Thumb Code    76  stm32f10x_spi.o(.text)
    SPI_Init                                 0x0800f6b1   Thumb Code    60  stm32f10x_spi.o(.text)
    I2S_Init                                 0x0800f6ed   Thumb Code   226  stm32f10x_spi.o(.text)
    SPI_StructInit                           0x0800f7cf   Thumb Code    24  stm32f10x_spi.o(.text)
    I2S_StructInit                           0x0800f7e7   Thumb Code    20  stm32f10x_spi.o(.text)
    SPI_Cmd                                  0x0800f7fb   Thumb Code    24  stm32f10x_spi.o(.text)
    I2S_Cmd                                  0x0800f813   Thumb Code    24  stm32f10x_spi.o(.text)
    SPI_I2S_ITConfig                         0x0800f82b   Thumb Code    32  stm32f10x_spi.o(.text)
    SPI_I2S_DMACmd                           0x0800f84b   Thumb Code    18  stm32f10x_spi.o(.text)
    SPI_I2S_SendData                         0x0800f85d   Thumb Code     4  stm32f10x_spi.o(.text)
    SPI_I2S_ReceiveData                      0x0800f861   Thumb Code     6  stm32f10x_spi.o(.text)
    SPI_NSSInternalSoftwareConfig            0x0800f867   Thumb Code    30  stm32f10x_spi.o(.text)
    SPI_SSOutputCmd                          0x0800f885   Thumb Code    24  stm32f10x_spi.o(.text)
    SPI_DataSizeConfig                       0x0800f89d   Thumb Code    18  stm32f10x_spi.o(.text)
    SPI_TransmitCRC                          0x0800f8af   Thumb Code    10  stm32f10x_spi.o(.text)
    SPI_CalculateCRC                         0x0800f8b9   Thumb Code    24  stm32f10x_spi.o(.text)
    SPI_GetCRC                               0x0800f8d1   Thumb Code    16  stm32f10x_spi.o(.text)
    SPI_GetCRCPolynomial                     0x0800f8e1   Thumb Code     6  stm32f10x_spi.o(.text)
    SPI_BiDirectionalLineConfig              0x0800f8e7   Thumb Code    28  stm32f10x_spi.o(.text)
    SPI_I2S_GetFlagStatus                    0x0800f903   Thumb Code    18  stm32f10x_spi.o(.text)
    SPI_I2S_ClearFlag                        0x0800f915   Thumb Code     6  stm32f10x_spi.o(.text)
    SPI_I2S_GetITStatus                      0x0800f91b   Thumb Code    52  stm32f10x_spi.o(.text)
    SPI_I2S_ClearITPendingBit                0x0800f94f   Thumb Code    20  stm32f10x_spi.o(.text)
    USART_DeInit                             0x0800f971   Thumb Code   134  stm32f10x_usart.o(.text)
    USART_Init                               0x0800f9f7   Thumb Code   210  stm32f10x_usart.o(.text)
    USART_StructInit                         0x0800fac9   Thumb Code    24  stm32f10x_usart.o(.text)
    USART_ClockInit                          0x0800fae1   Thumb Code    34  stm32f10x_usart.o(.text)
    USART_ClockStructInit                    0x0800fb03   Thumb Code    12  stm32f10x_usart.o(.text)
    USART_Cmd                                0x0800fb0f   Thumb Code    24  stm32f10x_usart.o(.text)
    USART_ITConfig                           0x0800fb27   Thumb Code    74  stm32f10x_usart.o(.text)
    USART_DMACmd                             0x0800fb71   Thumb Code    18  stm32f10x_usart.o(.text)
    USART_SetAddress                         0x0800fb83   Thumb Code    18  stm32f10x_usart.o(.text)
    USART_WakeUpConfig                       0x0800fb95   Thumb Code    18  stm32f10x_usart.o(.text)
    USART_ReceiverWakeUpCmd                  0x0800fba7   Thumb Code    24  stm32f10x_usart.o(.text)
    USART_LINBreakDetectLengthConfig         0x0800fbbf   Thumb Code    18  stm32f10x_usart.o(.text)
    USART_LINCmd                             0x0800fbd1   Thumb Code    24  stm32f10x_usart.o(.text)
    USART_SendData                           0x0800fbe9   Thumb Code     8  stm32f10x_usart.o(.text)
    USART_ReceiveData                        0x0800fbf1   Thumb Code    10  stm32f10x_usart.o(.text)
    USART_SendBreak                          0x0800fbfb   Thumb Code    10  stm32f10x_usart.o(.text)
    USART_SetGuardTime                       0x0800fc05   Thumb Code    16  stm32f10x_usart.o(.text)
    USART_SetPrescaler                       0x0800fc15   Thumb Code    16  stm32f10x_usart.o(.text)
    USART_SmartCardCmd                       0x0800fc25   Thumb Code    24  stm32f10x_usart.o(.text)
    USART_SmartCardNACKCmd                   0x0800fc3d   Thumb Code    24  stm32f10x_usart.o(.text)
    USART_HalfDuplexCmd                      0x0800fc55   Thumb Code    24  stm32f10x_usart.o(.text)
    USART_OverSampling8Cmd                   0x0800fc6d   Thumb Code    22  stm32f10x_usart.o(.text)
    USART_OneBitMethodCmd                    0x0800fc83   Thumb Code    24  stm32f10x_usart.o(.text)
    USART_IrDAConfig                         0x0800fc9b   Thumb Code    18  stm32f10x_usart.o(.text)
    USART_IrDACmd                            0x0800fcad   Thumb Code    24  stm32f10x_usart.o(.text)
    USART_GetFlagStatus                      0x0800fcc5   Thumb Code    26  stm32f10x_usart.o(.text)
    USART_ClearFlag                          0x0800fcdf   Thumb Code    18  stm32f10x_usart.o(.text)
    USART_GetITStatus                        0x0800fcf1   Thumb Code    84  stm32f10x_usart.o(.text)
    USART_ClearITPendingBit                  0x0800fd45   Thumb Code    52  stm32f10x_usart.o(.text)
    TIM_DeInit                               0x0800fd79   Thumb Code   424  stm32f10x_tim.o(.text)
    TIM_TimeBaseInit                         0x0800ff21   Thumb Code   122  stm32f10x_tim.o(.text)
    TIM_OC1Init                              0x0800ff9b   Thumb Code   132  stm32f10x_tim.o(.text)
    TIM_OC2Init                              0x0801001f   Thumb Code   154  stm32f10x_tim.o(.text)
    TIM_OC3Init                              0x080100b9   Thumb Code   150  stm32f10x_tim.o(.text)
    TIM_OC4Init                              0x0801014f   Thumb Code   182  stm32f10x_tim.o(.text)
    TIM_SetIC4Prescaler                      0x08010205   Thumb Code    26  stm32f10x_tim.o(.text)
    TIM_SetIC3Prescaler                      0x080102a1   Thumb Code    18  stm32f10x_tim.o(.text)
    TIM_SetIC2Prescaler                      0x0801032d   Thumb Code    26  stm32f10x_tim.o(.text)
    TIM_SetIC1Prescaler                      0x080103c9   Thumb Code    18  stm32f10x_tim.o(.text)
    TIM_ICInit                               0x08010447   Thumb Code   150  stm32f10x_tim.o(.text)
    TIM_PWMIConfig                           0x080104dd   Thumb Code   124  stm32f10x_tim.o(.text)
    TIM_BDTRConfig                           0x08010559   Thumb Code    32  stm32f10x_tim.o(.text)
    TIM_TimeBaseStructInit                   0x08010579   Thumb Code    18  stm32f10x_tim.o(.text)
    TIM_OCStructInit                         0x0801058b   Thumb Code    20  stm32f10x_tim.o(.text)
    TIM_ICStructInit                         0x0801059f   Thumb Code    18  stm32f10x_tim.o(.text)
    TIM_BDTRStructInit                       0x080105b1   Thumb Code    40  stm32f10x_tim.o(.text)
    TIM_Cmd                                  0x080105d9   Thumb Code    24  stm32f10x_tim.o(.text)
    TIM_CtrlPWMOutputs                       0x080105f1   Thumb Code    30  stm32f10x_tim.o(.text)
    TIM_ITConfig                             0x0801060f   Thumb Code    18  stm32f10x_tim.o(.text)
    TIM_GenerateEvent                        0x08010621   Thumb Code     4  stm32f10x_tim.o(.text)
    TIM_DMAConfig                            0x08010625   Thumb Code    10  stm32f10x_tim.o(.text)
    TIM_DMACmd                               0x0801062f   Thumb Code    18  stm32f10x_tim.o(.text)
    TIM_InternalClockConfig                  0x08010641   Thumb Code    12  stm32f10x_tim.o(.text)
    TIM_SelectInputTrigger                   0x0801064d   Thumb Code    18  stm32f10x_tim.o(.text)
    TIM_ITRxExternalClockConfig              0x0801065f   Thumb Code    24  stm32f10x_tim.o(.text)
    TIM_TIxExternalClockConfig               0x08010677   Thumb Code    62  stm32f10x_tim.o(.text)
    TIM_ETRConfig                            0x080106b5   Thumb Code    28  stm32f10x_tim.o(.text)
    TIM_ETRClockMode1Config                  0x080106d1   Thumb Code    54  stm32f10x_tim.o(.text)
    TIM_ETRClockMode2Config                  0x08010707   Thumb Code    32  stm32f10x_tim.o(.text)
    TIM_PrescalerConfig                      0x08010727   Thumb Code     6  stm32f10x_tim.o(.text)
    TIM_CounterModeConfig                    0x0801072d   Thumb Code    18  stm32f10x_tim.o(.text)
    TIM_EncoderInterfaceConfig               0x0801073f   Thumb Code    66  stm32f10x_tim.o(.text)
    TIM_ForcedOC1Config                      0x08010781   Thumb Code    18  stm32f10x_tim.o(.text)
    TIM_ForcedOC2Config                      0x08010793   Thumb Code    26  stm32f10x_tim.o(.text)
    TIM_ForcedOC3Config                      0x080107ad   Thumb Code    18  stm32f10x_tim.o(.text)
    TIM_ForcedOC4Config                      0x080107bf   Thumb Code    26  stm32f10x_tim.o(.text)
    TIM_ARRPreloadConfig                     0x080107d9   Thumb Code    24  stm32f10x_tim.o(.text)
    TIM_SelectCOM                            0x080107f1   Thumb Code    24  stm32f10x_tim.o(.text)
    TIM_SelectCCDMA                          0x08010809   Thumb Code    24  stm32f10x_tim.o(.text)
    TIM_CCPreloadControl                     0x08010821   Thumb Code    24  stm32f10x_tim.o(.text)
    TIM_OC1PreloadConfig                     0x08010839   Thumb Code    18  stm32f10x_tim.o(.text)
    TIM_OC2PreloadConfig                     0x0801084b   Thumb Code    26  stm32f10x_tim.o(.text)
    TIM_OC3PreloadConfig                     0x08010865   Thumb Code    18  stm32f10x_tim.o(.text)
    TIM_OC4PreloadConfig                     0x08010877   Thumb Code    26  stm32f10x_tim.o(.text)
    TIM_OC1FastConfig                        0x08010891   Thumb Code    18  stm32f10x_tim.o(.text)
    TIM_OC2FastConfig                        0x080108a3   Thumb Code    26  stm32f10x_tim.o(.text)
    TIM_OC3FastConfig                        0x080108bd   Thumb Code    18  stm32f10x_tim.o(.text)
    TIM_OC4FastConfig                        0x080108cf   Thumb Code    26  stm32f10x_tim.o(.text)
    TIM_ClearOC1Ref                          0x080108e9   Thumb Code    18  stm32f10x_tim.o(.text)
    TIM_ClearOC2Ref                          0x080108fb   Thumb Code    24  stm32f10x_tim.o(.text)
    TIM_ClearOC3Ref                          0x08010913   Thumb Code    18  stm32f10x_tim.o(.text)
    TIM_ClearOC4Ref                          0x08010925   Thumb Code    24  stm32f10x_tim.o(.text)
    TIM_OC1PolarityConfig                    0x0801093d   Thumb Code    18  stm32f10x_tim.o(.text)
    TIM_OC1NPolarityConfig                   0x0801094f   Thumb Code    18  stm32f10x_tim.o(.text)
    TIM_OC2PolarityConfig                    0x08010961   Thumb Code    26  stm32f10x_tim.o(.text)
    TIM_OC2NPolarityConfig                   0x0801097b   Thumb Code    26  stm32f10x_tim.o(.text)
    TIM_OC3PolarityConfig                    0x08010995   Thumb Code    26  stm32f10x_tim.o(.text)
    TIM_OC3NPolarityConfig                   0x080109af   Thumb Code    26  stm32f10x_tim.o(.text)
    TIM_OC4PolarityConfig                    0x080109c9   Thumb Code    26  stm32f10x_tim.o(.text)
    TIM_CCxCmd                               0x080109e3   Thumb Code    30  stm32f10x_tim.o(.text)
    TIM_CCxNCmd                              0x08010a01   Thumb Code    30  stm32f10x_tim.o(.text)
    TIM_SelectOCxM                           0x08010a1f   Thumb Code    82  stm32f10x_tim.o(.text)
    TIM_UpdateDisableConfig                  0x08010a71   Thumb Code    24  stm32f10x_tim.o(.text)
    TIM_UpdateRequestConfig                  0x08010a89   Thumb Code    24  stm32f10x_tim.o(.text)
    TIM_SelectHallSensor                     0x08010aa1   Thumb Code    24  stm32f10x_tim.o(.text)
    TIM_SelectOnePulseMode                   0x08010ab9   Thumb Code    18  stm32f10x_tim.o(.text)
    TIM_SelectOutputTrigger                  0x08010acb   Thumb Code    18  stm32f10x_tim.o(.text)
    TIM_SelectSlaveMode                      0x08010add   Thumb Code    18  stm32f10x_tim.o(.text)
    TIM_SelectMasterSlaveMode                0x08010aef   Thumb Code    18  stm32f10x_tim.o(.text)
    TIM_SetCounter                           0x08010b01   Thumb Code     4  stm32f10x_tim.o(.text)
    TIM_SetAutoreload                        0x08010b05   Thumb Code     4  stm32f10x_tim.o(.text)
    TIM_SetCompare1                          0x08010b09   Thumb Code     4  stm32f10x_tim.o(.text)
    TIM_SetCompare2                          0x08010b0d   Thumb Code     4  stm32f10x_tim.o(.text)
    TIM_SetCompare3                          0x08010b11   Thumb Code     4  stm32f10x_tim.o(.text)
    TIM_SetCompare4                          0x08010b15   Thumb Code     6  stm32f10x_tim.o(.text)
    TIM_SetClockDivision                     0x08010b1b   Thumb Code    18  stm32f10x_tim.o(.text)
    TIM_GetCapture1                          0x08010b2d   Thumb Code     6  stm32f10x_tim.o(.text)
    TIM_GetCapture2                          0x08010b33   Thumb Code     6  stm32f10x_tim.o(.text)
    TIM_GetCapture3                          0x08010b39   Thumb Code     6  stm32f10x_tim.o(.text)
    TIM_GetCapture4                          0x08010b3f   Thumb Code     8  stm32f10x_tim.o(.text)
    TIM_GetCounter                           0x08010b47   Thumb Code     6  stm32f10x_tim.o(.text)
    TIM_GetPrescaler                         0x08010b4d   Thumb Code     6  stm32f10x_tim.o(.text)
    TIM_GetFlagStatus                        0x08010b53   Thumb Code    18  stm32f10x_tim.o(.text)
    TIM_ClearFlag                            0x08010b65   Thumb Code     6  stm32f10x_tim.o(.text)
    TIM_GetITStatus                          0x08010b6b   Thumb Code    34  stm32f10x_tim.o(.text)
    TIM_ClearITPendingBit                    0x08010b8d   Thumb Code     6  stm32f10x_tim.o(.text)
    SDIO_DeInit                              0x08010b95   Thumb Code    28  stm32f10x_sdio.o(.text)
    SDIO_Init                                0x08010bb1   Thumb Code    42  stm32f10x_sdio.o(.text)
    SDIO_StructInit                          0x08010bdb   Thumb Code    16  stm32f10x_sdio.o(.text)
    SDIO_ClockCmd                            0x08010beb   Thumb Code     6  stm32f10x_sdio.o(.text)
    SDIO_SetPowerState                       0x08010bf1   Thumb Code    22  stm32f10x_sdio.o(.text)
    SDIO_GetPowerState                       0x08010c07   Thumb Code    10  stm32f10x_sdio.o(.text)
    SDIO_ITConfig                            0x08010c11   Thumb Code    26  stm32f10x_sdio.o(.text)
    SDIO_DMACmd                              0x08010c2b   Thumb Code     6  stm32f10x_sdio.o(.text)
    SDIO_SendCommand                         0x08010c31   Thumb Code    38  stm32f10x_sdio.o(.text)
    SDIO_CmdStructInit                       0x08010c57   Thumb Code    14  stm32f10x_sdio.o(.text)
    SDIO_GetCommandResponse                  0x08010c65   Thumb Code     8  stm32f10x_sdio.o(.text)
    SDIO_GetResponse                         0x08010c6d   Thumb Code    22  stm32f10x_sdio.o(.text)
    SDIO_DataConfig                          0x08010c83   Thumb Code    42  stm32f10x_sdio.o(.text)
    SDIO_DataStructInit                      0x08010cad   Thumb Code    20  stm32f10x_sdio.o(.text)
    SDIO_GetDataCounter                      0x08010cc1   Thumb Code     6  stm32f10x_sdio.o(.text)
    SDIO_ReadData                            0x08010cc7   Thumb Code     8  stm32f10x_sdio.o(.text)
    SDIO_WriteData                           0x08010ccf   Thumb Code     8  stm32f10x_sdio.o(.text)
    SDIO_GetFIFOCount                        0x08010cd7   Thumb Code     6  stm32f10x_sdio.o(.text)
    SDIO_StartSDIOReadWait                   0x08010cdd   Thumb Code     8  stm32f10x_sdio.o(.text)
    SDIO_StopSDIOReadWait                    0x08010ce5   Thumb Code     8  stm32f10x_sdio.o(.text)
    SDIO_SetSDIOReadWaitMode                 0x08010ced   Thumb Code     8  stm32f10x_sdio.o(.text)
    SDIO_SetSDIOOperation                    0x08010cf5   Thumb Code     8  stm32f10x_sdio.o(.text)
    SDIO_SendSDIOSuspendCmd                  0x08010cfd   Thumb Code     6  stm32f10x_sdio.o(.text)
    SDIO_CommandCompletionCmd                0x08010d03   Thumb Code     8  stm32f10x_sdio.o(.text)
    SDIO_CEATAITCmd                          0x08010d0b   Thumb Code    12  stm32f10x_sdio.o(.text)
    SDIO_SendCEATACmd                        0x08010d17   Thumb Code     8  stm32f10x_sdio.o(.text)
    SDIO_GetFlagStatus                       0x08010d1f   Thumb Code    20  stm32f10x_sdio.o(.text)
    SDIO_ClearFlag                           0x08010d33   Thumb Code     6  stm32f10x_sdio.o(.text)
    SDIO_GetITStatus                         0x08010d39   Thumb Code    20  stm32f10x_sdio.o(.text)
    SDIO_ClearITPendingBit                   0x08010d4d   Thumb Code     6  stm32f10x_sdio.o(.text)
    DMA_DeInit                               0x08010d69   Thumb Code   324  stm32f10x_dma.o(.text)
    DMA_Init                                 0x08010ead   Thumb Code    60  stm32f10x_dma.o(.text)
    DMA_StructInit                           0x08010ee9   Thumb Code    26  stm32f10x_dma.o(.text)
    DMA_Cmd                                  0x08010f03   Thumb Code    24  stm32f10x_dma.o(.text)
    DMA_ITConfig                             0x08010f1b   Thumb Code    18  stm32f10x_dma.o(.text)
    DMA_SetCurrDataCounter                   0x08010f2d   Thumb Code     4  stm32f10x_dma.o(.text)
    DMA_GetCurrDataCounter                   0x08010f31   Thumb Code     8  stm32f10x_dma.o(.text)
    DMA_GetFlagStatus                        0x08010f39   Thumb Code    40  stm32f10x_dma.o(.text)
    DMA_ClearFlag                            0x08010f61   Thumb Code    22  stm32f10x_dma.o(.text)
    DMA_GetITStatus                          0x08010f77   Thumb Code    40  stm32f10x_dma.o(.text)
    DMA_ClearITPendingBit                    0x08010f9f   Thumb Code    22  stm32f10x_dma.o(.text)
    mymemcpy                                 0x08010fbd   Thumb Code    26  malloc.o(.text)
    mymemset                                 0x08010fd7   Thumb Code    20  malloc.o(.text)
    my_mem_init                              0x08010feb   Thumb Code    54  malloc.o(.text)
    my_mem_perused                           0x08011021   Thumb Code    54  malloc.o(.text)
    my_mem_malloc                            0x08011057   Thumb Code   154  malloc.o(.text)
    my_mem_free                              0x080110f1   Thumb Code    94  malloc.o(.text)
    myfree                                   0x0801114f   Thumb Code    32  malloc.o(.text)
    mymalloc                                 0x0801116f   Thumb Code    36  malloc.o(.text)
    myrealloc                                0x08011193   Thumb Code    68  malloc.o(.text)
    disk_status                              0x080111e9   Thumb Code     6  diskio.o(.text)
    disk_initialize                          0x080111ef   Thumb Code    52  diskio.o(.text)
    disk_read                                0x08011223   Thumb Code   122  diskio.o(.text)
    disk_write                               0x0801129d   Thumb Code   122  diskio.o(.text)
    disk_ioctl                               0x08011317   Thumb Code   170  diskio.o(.text)
    get_fattime                              0x080113c1   Thumb Code     4  diskio.o(.text)
    ff_memalloc                              0x080113c5   Thumb Code    14  diskio.o(.text)
    ff_memfree                               0x080113d3   Thumb Code    14  diskio.o(.text)
    clust2sect                               0x0801159f   Thumb Code    26  ff.o(.text)
    get_fat                                  0x080115b9   Thumb Code   242  ff.o(.text)
    put_fat                                  0x080116ab   Thumb Code   322  ff.o(.text)
    dir_sdi                                  0x08011961   Thumb Code   158  ff.o(.text)
    f_mount                                  0x080129eb   Thumb Code    86  ff.o(.text)
    f_open                                   0x08012a41   Thumb Code   384  ff.o(.text)
    f_read                                   0x08012bc1   Thumb Code   450  ff.o(.text)
    f_write                                  0x08012d83   Thumb Code   490  ff.o(.text)
    f_sync                                   0x08012f6d   Thumb Code   176  ff.o(.text)
    f_close                                  0x0801301d   Thumb Code    32  ff.o(.text)
    f_lseek                                  0x0801303d   Thumb Code   684  ff.o(.text)
    f_opendir                                0x080132e9   Thumb Code   136  ff.o(.text)
    f_closedir                               0x08013371   Thumb Code    22  ff.o(.text)
    f_readdir                                0x08013387   Thumb Code   114  ff.o(.text)
    f_stat                                   0x080133f9   Thumb Code    84  ff.o(.text)
    f_getfree                                0x0801344d   Thumb Code   258  ff.o(.text)
    f_truncate                               0x0801354f   Thumb Code   184  ff.o(.text)
    f_unlink                                 0x08013607   Thumb Code   190  ff.o(.text)
    f_mkdir                                  0x080136c5   Thumb Code   380  ff.o(.text)
    f_chmod                                  0x08013841   Thumb Code   112  ff.o(.text)
    f_rename                                 0x080138b1   Thumb Code   290  ff.o(.text)
    f_utime                                  0x080139d3   Thumb Code   110  ff.o(.text)
    f_getlabel                               0x08013a41   Thumb Code   190  ff.o(.text)
    f_setlabel                               0x08013aff   Thumb Code   482  ff.o(.text)
    f_mkfs                                   0x08013ce1   Thumb Code  1578  ff.o(.text)
    f_gets                                   0x0801430b   Thumb Code    82  ff.o(.text)
    f_putc                                   0x080143a1   Thumb Code    64  ff.o(.text)
    f_puts                                   0x080143e1   Thumb Code    74  ff.o(.text)
    f_printf                                 0x0801442b   Thumb Code   674  ff.o(.text)
    exfuns_init                              0x080146cd   Thumb Code   114  exfuns.o(.text)
    char_upper                               0x0801473f   Thumb Code    26  exfuns.o(.text)
    f_typetell                               0x08014759   Thumb Code   188  exfuns.o(.text)
    exf_getfree                              0x08014815   Thumb Code    74  exfuns.o(.text)
    ff_convert                               0x08014875   Thumb Code   146  mycc936.o(.text)
    ff_wtoupper                              0x08014907   Thumb Code    46  mycc936.o(.text)
    usmart_sys_cmd_exe                       0x08014941   Thumb Code  1554  usmart.o(.text)
    usmart_reset_runtime                     0x08014f53   Thumb Code    38  usmart.o(.text)
    usmart_get_runtime                       0x08014f79   Thumb Code    60  usmart.o(.text)
    TIM4_IRQHandler                          0x08014fb5   Thumb Code    46  usmart.o(.text)
    Timer4_Init                              0x08014fe3   Thumb Code    88  usmart.o(.text)
    usmart_init                              0x0801503b   Thumb Code    36  usmart.o(.text)
    usmart_cmd_rec                           0x0801505f   Thumb Code   170  usmart.o(.text)
    usmart_exe                               0x08015109   Thumb Code   870  usmart.o(.text)
    usmart_scan                              0x0801546f   Thumb Code   120  usmart.o(.text)
    read_addr                                0x080154e7   Thumb Code     6  usmart.o(.text)
    write_addr                               0x080154ed   Thumb Code     4  usmart.o(.text)
    usmart_strcmp                            0x08015579   Thumb Code    34  usmart_str.o(.text)
    usmart_strcopy                           0x0801559b   Thumb Code    22  usmart_str.o(.text)
    usmart_strlen                            0x080155b1   Thumb Code    24  usmart_str.o(.text)
    usmart_pow                               0x080155c9   Thumb Code    22  usmart_str.o(.text)
    usmart_str2num                           0x080155df   Thumb Code   202  usmart_str.o(.text)
    usmart_get_cmdname                       0x080156a9   Thumb Code    54  usmart_str.o(.text)
    usmart_search_nextc                      0x080156df   Thumb Code    22  usmart_str.o(.text)
    usmart_get_fname                         0x080156f5   Thumb Code   440  usmart_str.o(.text)
    usmart_get_aparm                         0x080158ad   Thumb Code   200  usmart_str.o(.text)
    usmart_get_parmpos                       0x08015975   Thumb Code    26  usmart_str.o(.text)
    usmart_get_fparam                        0x0801598f   Thumb Code   262  usmart_str.o(.text)
    fupd_prog                                0x08015aa1   Thumb Code   134  fontupd.o(.text)
    updata_fontx                             0x08015b27   Thumb Code   346  fontupd.o(.text)
    update_font                              0x08015c81   Thumb Code   882  fontupd.o(.text)
    font_init                                0x08015ff3   Thumb Code    64  fontupd.o(.text)
    Get_HzMat                                0x08016071   Thumb Code   220  text.o(.text)
    Show_Font                                0x0801614d   Thumb Code   190  text.o(.text)
    Show_Str                                 0x0801620b   Thumb Code   192  text.o(.text)
    Show_Str_Mid                             0x080162cb   Thumb Code   106  text.o(.text)
    cJSON_GetErrorPtr                        0x08016345   Thumb Code     6  cjson.o(.text)
    cJSON_InitHooks                          0x080163bf   Thumb Code    48  cjson.o(.text)
    cJSON_Delete                             0x08016409   Thumb Code    82  cjson.o(.text)
    cJSON_ParseWithOpts                      0x08016f75   Thumb Code   152  cjson.o(.text)
    cJSON_Parse                              0x0801700d   Thumb Code    16  cjson.o(.text)
    cJSON_Print                              0x0801779d   Thumb Code    18  cjson.o(.text)
    cJSON_PrintUnformatted                   0x080177af   Thumb Code    18  cjson.o(.text)
    cJSON_PrintBuffered                      0x080177c1   Thumb Code    52  cjson.o(.text)
    cJSON_GetArraySize                       0x080177f5   Thumb Code    18  cjson.o(.text)
    cJSON_GetArrayItem                       0x08017807   Thumb Code    18  cjson.o(.text)
    cJSON_GetObjectItem                      0x08017819   Thumb Code    30  cjson.o(.text)
    cJSON_AddItemToArray                     0x0801786d   Thumb Code    42  cjson.o(.text)
    cJSON_AddItemToObject                    0x08017897   Thumb Code    44  cjson.o(.text)
    cJSON_AddItemToObjectCS                  0x080178c3   Thumb Code    54  cjson.o(.text)
    cJSON_AddItemReferenceToArray            0x080178f9   Thumb Code    24  cjson.o(.text)
    cJSON_AddItemReferenceToObject           0x08017911   Thumb Code    32  cjson.o(.text)
    cJSON_DetachItemFromArray                0x08017931   Thumb Code    66  cjson.o(.text)
    cJSON_DeleteItemFromArray                0x08017973   Thumb Code    22  cjson.o(.text)
    cJSON_DetachItemFromObject               0x08017989   Thumb Code    50  cjson.o(.text)
    cJSON_DeleteItemFromObject               0x080179bb   Thumb Code    22  cjson.o(.text)
    cJSON_InsertItemInArray                  0x080179d1   Thumb Code    64  cjson.o(.text)
    cJSON_ReplaceItemInArray                 0x08017a11   Thumb Code    76  cjson.o(.text)
    cJSON_ReplaceItemInObject                0x08017a5d   Thumb Code    62  cjson.o(.text)
    cJSON_CreateNull                         0x08017a9b   Thumb Code    18  cjson.o(.text)
    cJSON_CreateTrue                         0x08017aad   Thumb Code    18  cjson.o(.text)
    cJSON_CreateFalse                        0x08017abf   Thumb Code    18  cjson.o(.text)
    cJSON_CreateBool                         0x08017ad1   Thumb Code    26  cjson.o(.text)
    cJSON_CreateNumber                       0x08017aeb   Thumb Code    36  cjson.o(.text)
    cJSON_CreateString                       0x08017b0f   Thumb Code    28  cjson.o(.text)
    cJSON_CreateArray                        0x08017b2b   Thumb Code    18  cjson.o(.text)
    cJSON_CreateObject                       0x08017b3d   Thumb Code    18  cjson.o(.text)
    cJSON_CreateIntArray                     0x08017b4f   Thumb Code    68  cjson.o(.text)
    cJSON_CreateFloatArray                   0x08017b93   Thumb Code    68  cjson.o(.text)
    cJSON_CreateDoubleArray                  0x08017bd7   Thumb Code    68  cjson.o(.text)
    cJSON_CreateStringArray                  0x08017c1b   Thumb Code    62  cjson.o(.text)
    cJSON_Duplicate                          0x08017c59   Thumb Code   178  cjson.o(.text)
    cJSON_Minify                             0x08017d0b   Thumb Code   186  cjson.o(.text)
    MQTT_NewBuffer                           0x08017dc5   Thumb Code    88  mqttkit.o(.text)
    MQTT_DeleteBuffer                        0x08017e1d   Thumb Code    28  mqttkit.o(.text)
    MQTT_DumpLength                          0x08017e39   Thumb Code    46  mqttkit.o(.text)
    MQTT_ReadLength                          0x08017e67   Thumb Code    70  mqttkit.o(.text)
    MQTT_UnPacketRecv                        0x08017ead   Thumb Code   106  mqttkit.o(.text)
    MQTT_PacketConnect                       0x08017f17   Thumb Code   666  mqttkit.o(.text)
    MQTT_PacketDisConnect                    0x080181b1   Thumb Code    48  mqttkit.o(.text)
    MQTT_UnPacketConnectAck                  0x080181e1   Thumb Code    30  mqttkit.o(.text)
    MQTT_PacketPublish                       0x080181ff   Thumb Code   452  mqttkit.o(.text)
    MQTT_PacketSaveData                      0x080183c3   Thumb Code    88  mqttkit.o(.text)
    MQTT_PacketSaveBinData                   0x0801841b   Thumb Code   192  mqttkit.o(.text)
    MQTT_UnPacketCmd                         0x080184db   Thumb Code   140  mqttkit.o(.text)
    MQTT_PacketCmdResp                       0x08018567   Thumb Code   132  mqttkit.o(.text)
    MQTT_PacketSubscribe                     0x080185eb   Thumb Code   254  mqttkit.o(.text)
    MQTT_UnPacketSubscribe                   0x080186e9   Thumb Code    52  mqttkit.o(.text)
    MQTT_PacketUnSubscribe                   0x0801871d   Thumb Code   268  mqttkit.o(.text)
    MQTT_UnPacketUnSubscribe                 0x08018829   Thumb Code    18  mqttkit.o(.text)
    MQTT_UnPacketPublish                     0x0801883b   Thumb Code   440  mqttkit.o(.text)
    MQTT_PacketPublishAck                    0x080189f3   Thumb Code    72  mqttkit.o(.text)
    MQTT_UnPacketPublishAck                  0x08018a3b   Thumb Code    30  mqttkit.o(.text)
    MQTT_PacketPublishRec                    0x08018a59   Thumb Code    72  mqttkit.o(.text)
    MQTT_UnPacketPublishRec                  0x08018aa1   Thumb Code    30  mqttkit.o(.text)
    MQTT_PacketPublishRel                    0x08018abf   Thumb Code    72  mqttkit.o(.text)
    MQTT_UnPacketPublishRel                  0x08018b07   Thumb Code    36  mqttkit.o(.text)
    MQTT_PacketPublishComp                   0x08018b2b   Thumb Code    72  mqttkit.o(.text)
    MQTT_UnPacketPublishComp                 0x08018b73   Thumb Code    30  mqttkit.o(.text)
    MQTT_PacketPing                          0x08018b91   Thumb Code    48  mqttkit.o(.text)
    OneNet_DevLink                           0x08018bc1   Thumb Code   212  onenet.o(.text)
    OneNet_Subscribe                         0x08018c95   Thumb Code    80  onenet.o(.text)
    OneNet_Publish                           0x08018ce5   Thumb Code    86  onenet.o(.text)
    OneNet_RevPro                            0x08018d3b   Thumb Code  1632  onenet.o(.text)
    mp3_index_show                           0x080194d5   Thumb Code    70  mp3player.o(.text)
    mp3_vol_show                             0x0801951b   Thumb Code    50  mp3player.o(.text)
    mp3_msg_show                             0x0801954d   Thumb Code   292  mp3player.o(.text)
    mp3_get_tnum                             0x08019671   Thumb Code   116  mp3player.o(.text)
    mp3_play_song                            0x080196e5   Thumb Code   420  mp3player.o(.text)
    mp3_play                                 0x08019889   Thumb Code   664  mp3player.o(.text)
    __aeabi_ldivmod                          0x08019b41   Thumb Code    98  ldiv.o(.text)
    tolower                                  0x08019ba3   Thumb Code    12  tolower.o(.text)
    __aeabi_memcpy                           0x08019baf   Thumb Code    36  memcpya.o(.text)
    __aeabi_memcpy4                          0x08019baf   Thumb Code     0  memcpya.o(.text)
    __aeabi_memcpy8                          0x08019baf   Thumb Code     0  memcpya.o(.text)
    __aeabi_memset                           0x08019bd3   Thumb Code    14  memseta.o(.text)
    __aeabi_memset4                          0x08019bd3   Thumb Code     0  memseta.o(.text)
    __aeabi_memset8                          0x08019bd3   Thumb Code     0  memseta.o(.text)
    __aeabi_memclr                           0x08019be1   Thumb Code     4  memseta.o(.text)
    __aeabi_memclr4                          0x08019be1   Thumb Code     0  memseta.o(.text)
    __aeabi_memclr8                          0x08019be1   Thumb Code     0  memseta.o(.text)
    _memset$wrapper                          0x08019be5   Thumb Code    18  memseta.o(.text)
    strcat                                   0x08019bf7   Thumb Code    24  strcat.o(.text)
    strstr                                   0x08019c0f   Thumb Code    36  strstr.o(.text)
    strchr                                   0x08019c33   Thumb Code    20  strchr.o(.text)
    strlen                                   0x08019c47   Thumb Code    14  strlen.o(.text)
    strcmp                                   0x08019c55   Thumb Code    28  strcmp.o(.text)
    strncat                                  0x08019c71   Thumb Code    40  strncat.o(.text)
    strcpy                                   0x08019c99   Thumb Code    18  strcpy.o(.text)
    strncmp                                  0x08019cab   Thumb Code    30  strncmp.o(.text)
    atoi                                     0x08019cc9   Thumb Code    26  atoi.o(.text)
    __aeabi_fadd                             0x08019ce3   Thumb Code   164  fadd.o(.text)
    __aeabi_fsub                             0x08019d87   Thumb Code     6  fadd.o(.text)
    __aeabi_frsub                            0x08019d8d   Thumb Code     6  fadd.o(.text)
    __aeabi_fmul                             0x08019d93   Thumb Code   100  fmul.o(.text)
    __aeabi_fdiv                             0x08019df7   Thumb Code   124  fdiv.o(.text)
    __aeabi_dadd                             0x08019e73   Thumb Code   322  dadd.o(.text)
    __aeabi_dsub                             0x08019fb5   Thumb Code     6  dadd.o(.text)
    __aeabi_drsub                            0x08019fbb   Thumb Code     6  dadd.o(.text)
    __aeabi_dmul                             0x08019fc1   Thumb Code   228  dmul.o(.text)
    __aeabi_i2f                              0x0801a0a5   Thumb Code    18  fflti.o(.text)
    __aeabi_ui2f                             0x0801a0b7   Thumb Code    10  ffltui.o(.text)
    __aeabi_i2d                              0x0801a0c1   Thumb Code    34  dflti.o(.text)
    __aeabi_ui2d                             0x0801a0e3   Thumb Code    26  dfltui.o(.text)
    __aeabi_f2iz                             0x0801a0fd   Thumb Code    50  ffixi.o(.text)
    __aeabi_f2uiz                            0x0801a12f   Thumb Code    40  ffixui.o(.text)
    __aeabi_d2iz                             0x0801a157   Thumb Code    62  dfixi.o(.text)
    __aeabi_d2uiz                            0x0801a195   Thumb Code    50  dfixui.o(.text)
    __aeabi_f2d                              0x0801a1c7   Thumb Code    38  f2d.o(.text)
    __aeabi_cdcmpeq                          0x0801a1ed   Thumb Code     0  cdcmple.o(.text)
    __aeabi_cdcmple                          0x0801a1ed   Thumb Code    48  cdcmple.o(.text)
    __aeabi_cdrcmple                         0x0801a21d   Thumb Code    48  cdrcmple.o(.text)
    __aeabi_cfcmpeq                          0x0801a24d   Thumb Code     0  cfcmple.o(.text)
    __aeabi_cfcmple                          0x0801a24d   Thumb Code    20  cfcmple.o(.text)
    __aeabi_cfrcmple                         0x0801a261   Thumb Code    20  cfrcmple.o(.text)
    __aeabi_uidiv                            0x0801a275   Thumb Code     0  uidiv.o(.text)
    __aeabi_uidivmod                         0x0801a275   Thumb Code    44  uidiv.o(.text)
    __aeabi_uldivmod                         0x0801a2a1   Thumb Code    98  uldiv.o(.text)
    __aeabi_llsl                             0x0801a303   Thumb Code    30  llshl.o(.text)
    _ll_shift_l                              0x0801a303   Thumb Code     0  llshl.o(.text)
    __aeabi_llsr                             0x0801a321   Thumb Code    32  llushr.o(.text)
    _ll_ushift_r                             0x0801a321   Thumb Code     0  llushr.o(.text)
    __aeabi_lasr                             0x0801a341   Thumb Code    36  llsshr.o(.text)
    _ll_sshift_r                             0x0801a341   Thumb Code     0  llsshr.o(.text)
    strtol                                   0x0801a365   Thumb Code   112  strtol.o(.text)
    __I$use$fp                               0x0801a3d5   Thumb Code     0  iusefp.o(.text)
    _float_round                             0x0801a3d5   Thumb Code    18  fepilogue.o(.text)
    _float_epilogue                          0x0801a3e7   Thumb Code    92  fepilogue.o(.text)
    _double_round                            0x0801a443   Thumb Code    30  depilogue.o(.text)
    _double_epilogue                         0x0801a461   Thumb Code   156  depilogue.o(.text)
    __aeabi_ddiv                             0x0801a4fd   Thumb Code   222  ddiv.o(.text)
    __ARM_scalbn                             0x0801a5db   Thumb Code    46  dscalb.o(.text)
    scalbn                                   0x0801a5db   Thumb Code     0  dscalb.o(.text)
    _dsqrt                                   0x0801a609   Thumb Code   162  dsqrt.o(.text)
    __aeabi_d2ulz                            0x0801a6ab   Thumb Code    48  dfixul.o(.text)
    __scatterload                            0x0801a6dd   Thumb Code    28  init.o(.text)
    __scatterload_rt2                        0x0801a6dd   Thumb Code     0  init.o(.text)
    __rt_ctype_table                         0x0801a701   Thumb Code     4  ctype_o.o(.text)
    _strtoul                                 0x0801a709   Thumb Code   158  _strtoul.o(.text)
    _chval                                   0x0801a7a7   Thumb Code    28  _chval.o(.text)
    __decompress                             0x0801a7c3   Thumb Code     0  __dczerorl2.o(.text)
    __decompress1                            0x0801a7c3   Thumb Code    86  __dczerorl2.o(.text)
    __0printf                                0x0801a819   Thumb Code    22  printfa.o(i.__0printf)
    __1printf                                0x0801a819   Thumb Code     0  printfa.o(i.__0printf)
    __2printf                                0x0801a819   Thumb Code     0  printfa.o(i.__0printf)
    __c89printf                              0x0801a819   Thumb Code     0  printfa.o(i.__0printf)
    printf                                   0x0801a819   Thumb Code     0  printfa.o(i.__0printf)
    __0sprintf                               0x0801a839   Thumb Code    34  printfa.o(i.__0sprintf)
    __1sprintf                               0x0801a839   Thumb Code     0  printfa.o(i.__0sprintf)
    __2sprintf                               0x0801a839   Thumb Code     0  printfa.o(i.__0sprintf)
    __c89sprintf                             0x0801a839   Thumb Code     0  printfa.o(i.__0sprintf)
    sprintf                                  0x0801a839   Thumb Code     0  printfa.o(i.__0sprintf)
    __0vsnprintf                             0x0801a861   Thumb Code    40  printfa.o(i.__0vsnprintf)
    __1vsnprintf                             0x0801a861   Thumb Code     0  printfa.o(i.__0vsnprintf)
    __2vsnprintf                             0x0801a861   Thumb Code     0  printfa.o(i.__0vsnprintf)
    __c89vsnprintf                           0x0801a861   Thumb Code     0  printfa.o(i.__0vsnprintf)
    vsnprintf                                0x0801a861   Thumb Code     0  printfa.o(i.__0vsnprintf)
    __0vsprintf                              0x0801a88d   Thumb Code    30  printfa.o(i.__0vsprintf)
    __1vsprintf                              0x0801a88d   Thumb Code     0  printfa.o(i.__0vsprintf)
    __2vsprintf                              0x0801a88d   Thumb Code     0  printfa.o(i.__0vsprintf)
    __c89vsprintf                            0x0801a88d   Thumb Code     0  printfa.o(i.__0vsprintf)
    vsprintf                                 0x0801a88d   Thumb Code     0  printfa.o(i.__0vsprintf)
    __ARM_fpclassify                         0x0801a8b1   Thumb Code    40  fpclassify.o(i.__ARM_fpclassify)
    __aeabi_errno_addr                       0x0801a8d9   Thumb Code     4  errno.o(i.__aeabi_errno_addr)
    __rt_errno_addr                          0x0801a8d9   Thumb Code     0  errno.o(i.__aeabi_errno_addr)
    __kernel_poly                            0x0801a8e1   Thumb Code   170  poly.o(i.__kernel_poly)
    __mathlib_dbl_divzero                    0x0801a98d   Thumb Code    12  dunder.o(i.__mathlib_dbl_divzero)
    __mathlib_dbl_infnan2                    0x0801a99d   Thumb Code     4  dunder.o(i.__mathlib_dbl_infnan2)
    __mathlib_dbl_invalid                    0x0801a9a1   Thumb Code    12  dunder.o(i.__mathlib_dbl_invalid)
    __mathlib_dbl_overflow                   0x0801a9ad   Thumb Code    14  dunder.o(i.__mathlib_dbl_overflow)
    __mathlib_dbl_underflow                  0x0801a9bd   Thumb Code    10  dunder.o(i.__mathlib_dbl_underflow)
    __scatterload_copy                       0x0801a9cd   Thumb Code    14  handlers.o(i.__scatterload_copy)
    __scatterload_null                       0x0801a9db   Thumb Code     2  handlers.o(i.__scatterload_null)
    __scatterload_zeroinit                   0x0801a9dd   Thumb Code    14  handlers.o(i.__scatterload_zeroinit)
    __set_errno                              0x0801a9ed   Thumb Code     6  errno.o(i.__set_errno)
    floor                                    0x0801b2cd   Thumb Code   204  floor.o(i.floor)
    free                                     0x0801b3a9   Thumb Code    76  malloc.o(i.free)
    malloc                                   0x0801b3f9   Thumb Code    92  malloc.o(i.malloc)
    pow                                      0x0801b465   Thumb Code  2512  pow.o(i.pow)
    sqrt                                     0x0801be3d   Thumb Code    76  sqrt.o(i.sqrt)
    asc2_1206                                0x0801be88   Data        1140  lcd.o(.constdata)
    asc2_1608                                0x0801c2fc   Data        1520  lcd.o(.constdata)
    asc2_2412                                0x0801c8ec   Data        3420  lcd.o(.constdata)
    FT5206_TPX_TBL                           0x0801d648   Data          10  ft5206.o(.constdata)
    GT911_TPX_TBL                            0x0801d652   Data          10  ft5206.o(.constdata)
    GT9147_CFG_TBL                           0x0801d65c   Data         184  gt9147.o(.constdata)
    GT9147_TPX_TBL                           0x0801d714   Data          10  gt9147.o(.constdata)
    OTT_TPX_TBL                              0x0801d71e   Data          10  ott2001a.o(.constdata)
    TP_REMIND_MSG_TBL                        0x0801d728   Data           4  touch.o(.constdata)
    _aMaskTbl                                0x0801d72c   Data          32  gif.o(.constdata)
    _aInterlaceOffset                        0x0801d74c   Data           4  gif.o(.constdata)
    _aInterlaceYPos                          0x0801d750   Data           4  gif.o(.constdata)
    bitrate                                  0x0801dc14   Data          64  vs10xx.o(.constdata)
    memtblsize                               0x0801dc54   Data           8  malloc.o(.constdata)
    memblksize                               0x0801dc5c   Data           8  malloc.o(.constdata)
    memsize                                  0x0801dc64   Data           8  malloc.o(.constdata)
    FILE_TYPE_TBL                            0x0801dca8   Data         312  exfuns.o(.constdata)
    GBK24_PATH                               0x0801e1a0   Data           4  fontupd.o(.constdata)
    GBK16_PATH                               0x0801e1a4   Data           4  fontupd.o(.constdata)
    GBK12_PATH                               0x0801e1a8   Data           4  fontupd.o(.constdata)
    UNIGBK_PATH                              0x0801e1ac   Data           4  fontupd.o(.constdata)
    vs1053b_patch                            0x0801e1b8   Data       10866  mp3player.o(.constdata)
    __mathlib_zero                           0x08020cb8   Data           8  qnan.o(.constdata)
    __ctype_table                            0x08020cc0   Data         129  ctype_o.o(.constdata)
    Region$$Table$$Base                      0x08020fbc   Number         0  anon$$obj.o(Region$$Table)
    Region$$Table$$Limit                     0x08020fdc   Number         0  anon$$obj.o(Region$$Table)
    SystemCoreClock                          0x20000000   Data           4  system_stm32f10x.o(.data)
    AHBPrescTable                            0x20000004   Data          16  system_stm32f10x.o(.data)
    totpicnum                                0x20000014   Data           2  page.o(.data)
    res                                      0x20000016   Data           1  page.o(.data)
    fn                                       0x20000018   Data           4  page.o(.data)
    pname                                    0x2000001c   Data           4  page.o(.data)
    curindex                                 0x20000020   Data           2  page.o(.data)
    temp1                                    0x20000022   Data           1  page.o(.data)
    picindextbl                              0x20000024   Data           4  page.o(.data)
    temp                                     0x20000028   Data           1  page.o(.data)
    humi                                     0x20000029   Data           1  page.o(.data)
    topics                                   0x2000002c   Data           4  page.o(.data)
    timeCount                                0x20000030   Data           2  page.o(.data)
    dataPtr                                  0x20000034   Data           4  page.o(.data)
    page                                     0x20000038   Data           1  page.o(.data)
    previousPage                             0x20000039   Data           1  page.o(.data)
    pwm_servo                                0x2000003c   Data           4  page.o(.data)
    POINT_COLOR                              0x20000042   Data           2  lcd.o(.data)
    BACK_COLOR                               0x20000044   Data           2  lcd.o(.data)
    W25QXX_TYPE                              0x20000046   Data           2  w25qxx.o(.data)
    TransferError                            0x20000052   Data           1  sdio_sdcard.o(.data)
    TransferEnd                              0x20000053   Data           1  sdio_sdcard.o(.data)
    tempbuff                                 0x20000054   Data           4  sdio_sdcard.o(.data)
    USART3_RX_STA                            0x20000058   Data           2  usart3.o(.data)
    wifista_ssid                             0x2000005c   Data           4  esp8266.o(.data)
    wifista_password                         0x20000060   Data           4  esp8266.o(.data)
    p                                        0x20000064   Data           4  esp8266.o(.data)
    esp8266_cnt                              0x20000068   Data           4  esp8266.o(.data)
    esp8266_cntPre                           0x2000006c   Data           4  esp8266.o(.data)
    CIP                                      0x20000070   Data           5  ft5206.o(.data)
    g_gt_tnum                                0x20000075   Data           1  ft5206.o(.data)
    tp_dev                                   0x2000007c   Data          52  touch.o(.data)
    CMD_RDX                                  0x200000b0   Data           1  touch.o(.data)
    CMD_RDY                                  0x200000b1   Data           1  touch.o(.data)
    gifdecoding                              0x200000b2   Data           1  gif.o(.data)
    f_jpeg                                   0x200000b4   Data           4  tjpgd.o(.data)
    jpeg_dev                                 0x200000b8   Data           4  tjpgd.o(.data)
    jpg_buffer                               0x200000bc   Data           4  tjpgd.o(.data)
    vsset                                    0x200000c0   Data           8  vs10xx.o(.data)
    __stdout                                 0x200000cc   Data           4  usart.o(.data)
    USART_RX_STA                             0x200000d0   Data           2  usart.o(.data)
    mallco_dev                               0x200000e8   Data          28  malloc.o(.data)
    FLASH_SECTOR_COUNT                       0x20000104   Data           2  diskio.o(.data)
    fs                                       0x20000114   Data           8  exfuns.o(.data)
    file                                     0x2000011c   Data           4  exfuns.o(.data)
    ftemp                                    0x20000120   Data           4  exfuns.o(.data)
    br                                       0x20000124   Data           4  exfuns.o(.data)
    bw                                       0x20000128   Data           4  exfuns.o(.data)
    fatbuf                                   0x2000012c   Data           4  exfuns.o(.data)
    sys_cmd_tab                              0x20000130   Data          28  usmart.o(.data)
    usmart_nametab                           0x2000014c   Data          24  usmart_config.o(.data)
    usmart_dev                               0x20000164   Data         244  usmart_config.o(.data)
    json                                     0x20000264   Data           4  onenet.o(.data)
    json_value                               0x20000268   Data           4  onenet.o(.data)
    f_kbps                                   0x2000026e   Data           2  mp3player.o(.data)
    __microlib_freelist                      0x20000274   Data           4  mvars.o(.data)
    __microlib_freelist_initialised          0x20000278   Data           4  mvars.o(.data)
    picdir                                   0x20000280   Data          36  page.o(.bss)
    picfileinfo                              0x200002a4   Data          32  page.o(.bss)
    PUB_BUF                                  0x200002c4   Data         250  page.o(.bss)
    weatherText                              0x200003be   Data          10  page.o(.bss)
    lcddev                                   0x200003c8   Data          14  lcd.o(.bss)
    W25QXX_BUFFER                            0x200003d6   Data        4096  w25qxx.o(.bss)
    SDIO_InitStructure                       0x200013d8   Data          24  sdio_sdcard.o(.bss)
    SDIO_CmdInitStructure                    0x200013f0   Data          20  sdio_sdcard.o(.bss)
    SDIO_DataInitStructure                   0x20001404   Data          24  sdio_sdcard.o(.bss)
    SDCardInfo                               0x20001440   Data          88  sdio_sdcard.o(.bss)
    SDIO_DATA_BUFFER                         0x20001498   Data         512  sdio_sdcard.o(.bss)
    USART3_RX_BUF                            0x20001698   Data         600  usart3.o(.bss)
    USART3_TX_BUF                            0x200018f0   Data         600  usart3.o(.bss)
    JSON_BUF                                 0x20001b48   Data         600  usart3.o(.bss)
    esp8266_buf                              0x20001da0   Data         600  esp8266.o(.bss)
    picinfo                                  0x20001ff8   Data          40  piclib.o(.bss)
    pic_phy                                  0x20002020   Data          20  piclib.o(.bss)
    USART_RX_BUF                             0x20002034   Data         200  usart.o(.bss)
    mem1base                                 0x20002100   Data       40960  malloc.o(.bss)
    mem1mapbase                              0x2000c100   Data        2560  malloc.o(.bss)
    ftinfo                                   0x2000cb00   Data          33  fontupd.o(.bss)
    __heap_base                              0x2000cb28   Data           0  startup_stm32f10x_hd.o(HEAP)
    __heap_limit                             0x2000fb28   Data           0  startup_stm32f10x_hd.o(HEAP)
    __initial_sp                             0x2000ff28   Data           0  startup_stm32f10x_hd.o(STACK)
    mem2base                                 0x68000000   Data       983040  malloc.o(.ARM.__AT_0x68000000)
    mem2mapbase                              0x680f0000   Data       61440  malloc.o(.ARM.__AT_0x680F0000)



==============================================================================

Memory Map of the image

  Image Entry point : 0x08000131

  Load Region LR_IROM1 (Base: 0x08000000, Size: 0x0002125c, Max: 0x00080000, ABSOLUTE, COMPRESSED[0x00021090])

    Execution Region ER_IROM1 (Exec base: 0x08000000, Load base: 0x08000000, Size: 0x00020fdc, Max: 0x00080000, ABSOLUTE)

    Exec Addr    Load Addr    Size         Type   Attr      Idx    E Section Name        Object

    0x08000000   0x08000000   0x00000130   Data   RO         1028    RESET               startup_stm32f10x_hd.o
    0x08000130   0x08000130   0x00000000   Code   RO         1468  * .ARM.Collect$$$$00000000  mc_w.l(entry.o)
    0x08000130   0x08000130   0x00000004   Code   RO         1843    .ARM.Collect$$$$00000001  mc_w.l(entry2.o)
    0x08000134   0x08000134   0x00000004   Code   RO         1846    .ARM.Collect$$$$00000004  mc_w.l(entry5.o)
    0x08000138   0x08000138   0x00000000   Code   RO         1848    .ARM.Collect$$$$00000008  mc_w.l(entry7b.o)
    0x08000138   0x08000138   0x00000000   Code   RO         1850    .ARM.Collect$$$$0000000A  mc_w.l(entry8b.o)
    0x08000138   0x08000138   0x00000008   Code   RO         1851    .ARM.Collect$$$$0000000B  mc_w.l(entry9a.o)
    0x08000140   0x08000140   0x00000000   Code   RO         1853    .ARM.Collect$$$$0000000D  mc_w.l(entry10a.o)
    0x08000140   0x08000140   0x00000000   Code   RO         1855    .ARM.Collect$$$$0000000F  mc_w.l(entry11a.o)
    0x08000140   0x08000140   0x00000004   Code   RO         1844    .ARM.Collect$$$$00002712  mc_w.l(entry2.o)
    0x08000144   0x08000144   0x00000248   Code   RO            1    .text               main.o
    0x0800038c   0x0800038c   0x0000001a   Code   RO          216    .text               stm32f10x_it.o
    0x080003a6   0x080003a6   0x00000002   PAD
    0x080003a8   0x080003a8   0x000001e0   Code   RO          314    .text               system_stm32f10x.o
    0x08000588   0x08000588   0x00000b80   Code   RO          332    .text               page.o
    0x08001108   0x08001108   0x0000004c   Code   RO          392    .text               led.o
    0x08001154   0x08001154   0x000000fc   Code   RO          436    .text               key.o
    0x08001250   0x08001250   0x00004a5c   Code   RO          455    .text               lcd.o
    0x08005cac   0x08005cac   0x00000204   Code   RO          482    .text               spi.o
    0x08005eb0   0x08005eb0   0x00000368   Code   RO          497    .text               w25qxx.o
    0x08006218   0x08006218   0x00001c30   Code   RO          520    .text               sdio_sdcard.o
    0x08007e48   0x08007e48   0x0000019c   Code   RO          539    .text               dht11.o
    0x08007fe4   0x08007fe4   0x0000011c   Code   RO          554    .text               usart3.o
    0x08008100   0x08008100   0x0000089c   Code   RO          586    .text               esp8266.o
    0x0800899c   0x0800899c   0x0000018c   Code   RO          606    .text               timer.o
    0x08008b28   0x08008b28   0x00000284   Code   RO          619    .text               ctiic.o
    0x08008dac   0x08008dac   0x00000580   Code   RO          634    .text               ft5206.o
    0x0800932c   0x0800932c   0x00000458   Code   RO          667    .text               gt9147.o
    0x08009784   0x08009784   0x0000036c   Code   RO          683    .text               ott2001a.o
    0x08009af0   0x08009af0   0x00000fb4   Code   RO          699    .text               touch.o
    0x0800aaa4   0x0800aaa4   0x0000017a   Code   RO          729    .text               24cxx.o
    0x0800ac1e   0x0800ac1e   0x00000002   PAD
    0x0800ac20   0x0800ac20   0x0000026c   Code   RO          741    .text               myiic.o
    0x0800ae8c   0x0800ae8c   0x0000088c   Code   RO          753    .text               bmp.o
    0x0800b718   0x0800b718   0x00000ea0   Code   RO          799    .text               gif.o
    0x0800c5b8   0x0800c5b8   0x00000314   Code   RO          818    .text               piclib.o
    0x0800c8cc   0x0800c8cc   0x00001270   Code   RO          836    .text               tjpgd.o
    0x0800db3c   0x0800db3c   0x00000038   Code   RO          868    .text               beep.o
    0x0800db74   0x0800db74   0x00000754   Code   RO          883    .text               vs10xx.o
    0x0800e2c8   0x0800e2c8   0x00000038   Code   RO          906    .text               mq2.o
    0x0800e300   0x0800e300   0x00000038   Code   RO          921    .text               relay.o
    0x0800e338   0x0800e338   0x00000288   Code   RO          936    .text               usart2.o
    0x0800e5c0   0x0800e5c0   0x000000d4   Code   RO          962    .text               delay.o
    0x0800e694   0x0800e694   0x0000000c   Code   RO          977    .text               sys.o
    0x0800e6a0   0x0800e6a0   0x000001b8   Code   RO          993    .text               usart.o
    0x0800e858   0x0800e858   0x00000024   Code   RO         1029    .text               startup_stm32f10x_hd.o
    0x0800e87c   0x0800e87c   0x000000dc   Code   RO         1033    .text               misc.o
    0x0800e958   0x0800e958   0x0000060c   Code   RO         1045    .text               stm32f10x_fsmc.o
    0x0800ef64   0x0800ef64   0x0000035c   Code   RO         1057    .text               stm32f10x_gpio.o
    0x0800f2c0   0x0800f2c0   0x000003a4   Code   RO         1069    .text               stm32f10x_rcc.o
    0x0800f664   0x0800f664   0x0000030c   Code   RO         1083    .text               stm32f10x_spi.o
    0x0800f970   0x0800f970   0x00000408   Code   RO         1095    .text               stm32f10x_usart.o
    0x0800fd78   0x0800fd78   0x00000e1a   Code   RO         1107    .text               stm32f10x_tim.o
    0x08010b92   0x08010b92   0x00000002   PAD
    0x08010b94   0x08010b94   0x000001d4   Code   RO         1119    .text               stm32f10x_sdio.o
    0x08010d68   0x08010d68   0x00000254   Code   RO         1131    .text               stm32f10x_dma.o
    0x08010fbc   0x08010fbc   0x0000022c   Code   RO         1143    .text               malloc.o
    0x080111e8   0x080111e8   0x00000200   Code   RO         1165    .text               diskio.o
    0x080113e8   0x080113e8   0x000032e4   Code   RO         1187    .text               ff.o
    0x080146cc   0x080146cc   0x000001a8   Code   RO         1202    .text               exfuns.o
    0x08014874   0x08014874   0x000000cc   Code   RO         1245    .text               mycc936.o
    0x08014940   0x08014940   0x00000c38   Code   RO         1262    .text               usmart.o
    0x08015578   0x08015578   0x00000528   Code   RO         1294    .text               usmart_str.o
    0x08015aa0   0x08015aa0   0x000005d0   Code   RO         1306    .text               fontupd.o
    0x08016070   0x08016070   0x000002d4   Code   RO         1327    .text               text.o
    0x08016344   0x08016344   0x00001a80   Code   RO         1339    .text               cjson.o
    0x08017dc4   0x08017dc4   0x00000dfc   Code   RO         1367    .text               mqttkit.o
    0x08018bc0   0x08018bc0   0x00000914   Code   RO         1395    .text               onenet.o
    0x080194d4   0x080194d4   0x0000066c   Code   RO         1420    .text               mp3player.o
    0x08019b40   0x08019b40   0x00000062   Code   RO         1471    .text               mc_w.l(ldiv.o)
    0x08019ba2   0x08019ba2   0x0000000c   Code   RO         1473    .text               mc_w.l(tolower.o)
    0x08019bae   0x08019bae   0x00000024   Code   RO         1475    .text               mc_w.l(memcpya.o)
    0x08019bd2   0x08019bd2   0x00000024   Code   RO         1477    .text               mc_w.l(memseta.o)
    0x08019bf6   0x08019bf6   0x00000018   Code   RO         1479    .text               mc_w.l(strcat.o)
    0x08019c0e   0x08019c0e   0x00000024   Code   RO         1481    .text               mc_w.l(strstr.o)
    0x08019c32   0x08019c32   0x00000014   Code   RO         1483    .text               mc_w.l(strchr.o)
    0x08019c46   0x08019c46   0x0000000e   Code   RO         1485    .text               mc_w.l(strlen.o)
    0x08019c54   0x08019c54   0x0000001c   Code   RO         1487    .text               mc_w.l(strcmp.o)
    0x08019c70   0x08019c70   0x00000028   Code   RO         1489    .text               mc_w.l(strncat.o)
    0x08019c98   0x08019c98   0x00000012   Code   RO         1491    .text               mc_w.l(strcpy.o)
    0x08019caa   0x08019caa   0x0000001e   Code   RO         1493    .text               mc_w.l(strncmp.o)
    0x08019cc8   0x08019cc8   0x0000001a   Code   RO         1786    .text               mc_w.l(atoi.o)
    0x08019ce2   0x08019ce2   0x000000b0   Code   RO         1788    .text               mf_w.l(fadd.o)
    0x08019d92   0x08019d92   0x00000064   Code   RO         1790    .text               mf_w.l(fmul.o)
    0x08019df6   0x08019df6   0x0000007c   Code   RO         1792    .text               mf_w.l(fdiv.o)
    0x08019e72   0x08019e72   0x0000014e   Code   RO         1794    .text               mf_w.l(dadd.o)
    0x08019fc0   0x08019fc0   0x000000e4   Code   RO         1796    .text               mf_w.l(dmul.o)
    0x0801a0a4   0x0801a0a4   0x00000012   Code   RO         1798    .text               mf_w.l(fflti.o)
    0x0801a0b6   0x0801a0b6   0x0000000a   Code   RO         1800    .text               mf_w.l(ffltui.o)
    0x0801a0c0   0x0801a0c0   0x00000022   Code   RO         1802    .text               mf_w.l(dflti.o)
    0x0801a0e2   0x0801a0e2   0x0000001a   Code   RO         1804    .text               mf_w.l(dfltui.o)
    0x0801a0fc   0x0801a0fc   0x00000032   Code   RO         1806    .text               mf_w.l(ffixi.o)
    0x0801a12e   0x0801a12e   0x00000028   Code   RO         1808    .text               mf_w.l(ffixui.o)
    0x0801a156   0x0801a156   0x0000003e   Code   RO         1810    .text               mf_w.l(dfixi.o)
    0x0801a194   0x0801a194   0x00000032   Code   RO         1812    .text               mf_w.l(dfixui.o)
    0x0801a1c6   0x0801a1c6   0x00000026   Code   RO         1814    .text               mf_w.l(f2d.o)
    0x0801a1ec   0x0801a1ec   0x00000030   Code   RO         1816    .text               mf_w.l(cdcmple.o)
    0x0801a21c   0x0801a21c   0x00000030   Code   RO         1818    .text               mf_w.l(cdrcmple.o)
    0x0801a24c   0x0801a24c   0x00000014   Code   RO         1820    .text               mf_w.l(cfcmple.o)
    0x0801a260   0x0801a260   0x00000014   Code   RO         1822    .text               mf_w.l(cfrcmple.o)
    0x0801a274   0x0801a274   0x0000002c   Code   RO         1857    .text               mc_w.l(uidiv.o)
    0x0801a2a0   0x0801a2a0   0x00000062   Code   RO         1859    .text               mc_w.l(uldiv.o)
    0x0801a302   0x0801a302   0x0000001e   Code   RO         1861    .text               mc_w.l(llshl.o)
    0x0801a320   0x0801a320   0x00000020   Code   RO         1863    .text               mc_w.l(llushr.o)
    0x0801a340   0x0801a340   0x00000024   Code   RO         1865    .text               mc_w.l(llsshr.o)
    0x0801a364   0x0801a364   0x00000070   Code   RO         1876    .text               mc_w.l(strtol.o)
    0x0801a3d4   0x0801a3d4   0x00000000   Code   RO         1878    .text               mc_w.l(iusefp.o)
    0x0801a3d4   0x0801a3d4   0x0000006e   Code   RO         1879    .text               mf_w.l(fepilogue.o)
    0x0801a442   0x0801a442   0x000000ba   Code   RO         1881    .text               mf_w.l(depilogue.o)
    0x0801a4fc   0x0801a4fc   0x000000de   Code   RO         1883    .text               mf_w.l(ddiv.o)
    0x0801a5da   0x0801a5da   0x0000002e   Code   RO         1885    .text               mf_w.l(dscalb.o)
    0x0801a608   0x0801a608   0x000000a2   Code   RO         1887    .text               mf_w.l(dsqrt.o)
    0x0801a6aa   0x0801a6aa   0x00000030   Code   RO         1889    .text               mf_w.l(dfixul.o)
    0x0801a6da   0x0801a6da   0x00000002   PAD
    0x0801a6dc   0x0801a6dc   0x00000024   Code   RO         1891    .text               mc_w.l(init.o)
    0x0801a700   0x0801a700   0x00000008   Code   RO         1893    .text               mc_w.l(ctype_o.o)
    0x0801a708   0x0801a708   0x0000009e   Code   RO         1921    .text               mc_w.l(_strtoul.o)
    0x0801a7a6   0x0801a7a6   0x0000001c   Code   RO         1923    .text               mc_w.l(_chval.o)
    0x0801a7c2   0x0801a7c2   0x00000056   Code   RO         1933    .text               mc_w.l(__dczerorl2.o)
    0x0801a818   0x0801a818   0x00000020   Code   RO         1730    i.__0printf         mc_w.l(printfa.o)
    0x0801a838   0x0801a838   0x00000028   Code   RO         1732    i.__0sprintf        mc_w.l(printfa.o)
    0x0801a860   0x0801a860   0x0000002c   Code   RO         1735    i.__0vsnprintf      mc_w.l(printfa.o)
    0x0801a88c   0x0801a88c   0x00000024   Code   RO         1736    i.__0vsprintf       mc_w.l(printfa.o)
    0x0801a8b0   0x0801a8b0   0x00000028   Code   RO         1838    i.__ARM_fpclassify  m_ws.l(fpclassify.o)
    0x0801a8d8   0x0801a8d8   0x00000008   Code   RO         1869    i.__aeabi_errno_addr  mc_w.l(errno.o)
    0x0801a8e0   0x0801a8e0   0x000000aa   Code   RO         1840    i.__kernel_poly     m_ws.l(poly.o)
    0x0801a98a   0x0801a98a   0x00000002   PAD
    0x0801a98c   0x0801a98c   0x00000010   Code   RO         1824    i.__mathlib_dbl_divzero  m_ws.l(dunder.o)
    0x0801a99c   0x0801a99c   0x00000004   Code   RO         1826    i.__mathlib_dbl_infnan2  m_ws.l(dunder.o)
    0x0801a9a0   0x0801a9a0   0x0000000c   Code   RO         1827    i.__mathlib_dbl_invalid  m_ws.l(dunder.o)
    0x0801a9ac   0x0801a9ac   0x0000000e   Code   RO         1828    i.__mathlib_dbl_overflow  m_ws.l(dunder.o)
    0x0801a9ba   0x0801a9ba   0x00000002   PAD
    0x0801a9bc   0x0801a9bc   0x00000010   Code   RO         1830    i.__mathlib_dbl_underflow  m_ws.l(dunder.o)
    0x0801a9cc   0x0801a9cc   0x0000000e   Code   RO         1927    i.__scatterload_copy  mc_w.l(handlers.o)
    0x0801a9da   0x0801a9da   0x00000002   Code   RO         1928    i.__scatterload_null  mc_w.l(handlers.o)
    0x0801a9dc   0x0801a9dc   0x0000000e   Code   RO         1929    i.__scatterload_zeroinit  mc_w.l(handlers.o)
    0x0801a9ea   0x0801a9ea   0x00000002   PAD
    0x0801a9ec   0x0801a9ec   0x0000000c   Code   RO         1871    i.__set_errno       mc_w.l(errno.o)
    0x0801a9f8   0x0801a9f8   0x00000184   Code   RO         1737    i._fp_digits        mc_w.l(printfa.o)
    0x0801ab7c   0x0801ab7c   0x000006dc   Code   RO         1738    i._printf_core      mc_w.l(printfa.o)
    0x0801b258   0x0801b258   0x00000024   Code   RO         1739    i._printf_post_padding  mc_w.l(printfa.o)
    0x0801b27c   0x0801b27c   0x0000002e   Code   RO         1740    i._printf_pre_padding  mc_w.l(printfa.o)
    0x0801b2aa   0x0801b2aa   0x00000016   Code   RO         1741    i._snputc           mc_w.l(printfa.o)
    0x0801b2c0   0x0801b2c0   0x0000000a   Code   RO         1742    i._sputc            mc_w.l(printfa.o)
    0x0801b2ca   0x0801b2ca   0x00000002   PAD
    0x0801b2cc   0x0801b2cc   0x000000dc   Code   RO         1447    i.floor             m_ws.l(floor.o)
    0x0801b3a8   0x0801b3a8   0x00000050   Code   RO         1758    i.free              mc_w.l(malloc.o)
    0x0801b3f8   0x0801b3f8   0x0000006c   Code   RO         1759    i.malloc            mc_w.l(malloc.o)
    0x0801b464   0x0801b464   0x000009d8   Code   RO         1451    i.pow               m_ws.l(pow.o)
    0x0801be3c   0x0801be3c   0x0000004c   Code   RO         1461    i.sqrt              m_ws.l(sqrt.o)
    0x0801be88   0x0801be88   0x000017c0   Data   RO          457    .constdata          lcd.o
    0x0801d648   0x0801d648   0x00000014   Data   RO          635    .constdata          ft5206.o
    0x0801d65c   0x0801d65c   0x000000c2   Data   RO          668    .constdata          gt9147.o
    0x0801d71e   0x0801d71e   0x0000000a   Data   RO          684    .constdata          ott2001a.o
    0x0801d728   0x0801d728   0x00000004   Data   RO          700    .constdata          touch.o
    0x0801d72c   0x0801d72c   0x00000028   Data   RO          800    .constdata          gif.o
    0x0801d754   0x0801d754   0x000004c0   Data   RO          837    .constdata          tjpgd.o
    0x0801dc14   0x0801dc14   0x00000040   Data   RO          884    .constdata          vs10xx.o
    0x0801dc54   0x0801dc54   0x00000018   Data   RO         1147    .constdata          malloc.o
    0x0801dc6c   0x0801dc6c   0x0000003a   Data   RO         1188    .constdata          ff.o
    0x0801dca6   0x0801dca6   0x00000002   PAD
    0x0801dca8   0x0801dca8   0x00000138   Data   RO         1204    .constdata          exfuns.o
    0x0801dde0   0x0801dde0   0x000003c0   Data   RO         1246    .constdata          mycc936.o
    0x0801e1a0   0x0801e1a0   0x00000010   Data   RO         1308    .constdata          fontupd.o
    0x0801e1b0   0x0801e1b0   0x00000007   Data   RO         1340    .constdata          cjson.o
    0x0801e1b7   0x0801e1b7   0x00000001   PAD
    0x0801e1b8   0x0801e1b8   0x00002a72   Data   RO         1421    .constdata          mp3player.o
    0x08020c2a   0x08020c2a   0x00000006   PAD
    0x08020c30   0x08020c30   0x00000088   Data   RO         1452    .constdata          m_ws.l(pow.o)
    0x08020cb8   0x08020cb8   0x00000008   Data   RO         1842    .constdata          m_ws.l(qnan.o)
    0x08020cc0   0x08020cc0   0x00000081   Data   RO         1894    .constdata          mc_w.l(ctype_o.o)
    0x08020d41   0x08020d41   0x00000003   PAD
    0x08020d44   0x08020d44   0x00000004   Data   RO         1895    .constdata          mc_w.l(ctype_o.o)
    0x08020d48   0x08020d48   0x0000000a   Data   RO          334    .conststring        page.o
    0x08020d52   0x08020d52   0x00000002   PAD
    0x08020d54   0x08020d54   0x00000080   Data   RO          588    .conststring        esp8266.o
    0x08020dd4   0x08020dd4   0x00000079   Data   RO          701    .conststring        touch.o
    0x08020e4d   0x08020e4d   0x00000003   PAD
    0x08020e50   0x08020e50   0x00000060   Data   RO         1205    .conststring        exfuns.o
    0x08020eb0   0x08020eb0   0x00000028   Data   RO         1263    .conststring        usmart.o
    0x08020ed8   0x08020ed8   0x00000084   Data   RO         1278    .conststring        usmart_config.o
    0x08020f5c   0x08020f5c   0x0000005f   Data   RO         1309    .conststring        fontupd.o
    0x08020fbb   0x08020fbb   0x00000001   PAD
    0x08020fbc   0x08020fbc   0x00000020   Data   RO         1925    Region$$Table       anon$$obj.o


    Execution Region RW_IRAM1 (Exec base: 0x20000000, Load base: 0x08020fdc, Size: 0x0000ff28, Max: 0x00010000, ABSOLUTE, COMPRESSED[0x000000b4])

    Exec Addr    Load Addr    Size         Type   Attr      Idx    E Section Name        Object

    0x20000000   COMPRESSED   0x00000014   Data   RW          315    .data               system_stm32f10x.o
    0x20000014   COMPRESSED   0x0000002c   Data   RW          335    .data               page.o
    0x20000040   COMPRESSED   0x00000001   Data   RW          437    .data               key.o
    0x20000041   COMPRESSED   0x00000001   PAD
    0x20000042   COMPRESSED   0x00000004   Data   RW          458    .data               lcd.o
    0x20000046   COMPRESSED   0x00000002   Data   RW          499    .data               w25qxx.o
    0x20000048   COMPRESSED   0x00000010   Data   RW          522    .data               sdio_sdcard.o
    0x20000058   COMPRESSED   0x00000002   Data   RW          556    .data               usart3.o
    0x2000005a   COMPRESSED   0x00000002   PAD
    0x2000005c   COMPRESSED   0x00000014   Data   RW          589    .data               esp8266.o
    0x20000070   COMPRESSED   0x00000007   Data   RW          636    .data               ft5206.o
    0x20000077   COMPRESSED   0x00000001   Data   RW          669    .data               gt9147.o
    0x20000078   COMPRESSED   0x00000001   Data   RW          685    .data               ott2001a.o
    0x20000079   COMPRESSED   0x00000003   PAD
    0x2000007c   COMPRESSED   0x00000036   Data   RW          702    .data               touch.o
    0x200000b2   COMPRESSED   0x00000001   Data   RW          801    .data               gif.o
    0x200000b3   COMPRESSED   0x00000001   PAD
    0x200000b4   COMPRESSED   0x0000000c   Data   RW          838    .data               tjpgd.o
    0x200000c0   COMPRESSED   0x00000008   Data   RW          885    .data               vs10xx.o
    0x200000c8   COMPRESSED   0x00000004   Data   RW          963    .data               delay.o
    0x200000cc   COMPRESSED   0x00000006   Data   RW          995    .data               usart.o
    0x200000d2   COMPRESSED   0x00000014   Data   RW         1070    .data               stm32f10x_rcc.o
    0x200000e6   COMPRESSED   0x00000002   PAD
    0x200000e8   COMPRESSED   0x0000001c   Data   RW         1148    .data               malloc.o
    0x20000104   COMPRESSED   0x00000002   Data   RW         1166    .data               diskio.o
    0x20000106   COMPRESSED   0x00000002   PAD
    0x20000108   COMPRESSED   0x0000000a   Data   RW         1189    .data               ff.o
    0x20000112   COMPRESSED   0x00000002   PAD
    0x20000114   COMPRESSED   0x0000001c   Data   RW         1206    .data               exfuns.o
    0x20000130   COMPRESSED   0x0000001c   Data   RW         1264    .data               usmart.o
    0x2000014c   COMPRESSED   0x0000010c   Data   RW         1279    .data               usmart_config.o
    0x20000258   COMPRESSED   0x0000000c   Data   RW         1341    .data               cjson.o
    0x20000264   COMPRESSED   0x0000000a   Data   RW         1396    .data               onenet.o
    0x2000026e   COMPRESSED   0x00000004   Data   RW         1422    .data               mp3player.o
    0x20000272   COMPRESSED   0x00000002   PAD
    0x20000274   COMPRESSED   0x00000004   Data   RW         1867    .data               mc_w.l(mvars.o)
    0x20000278   COMPRESSED   0x00000004   Data   RW         1868    .data               mc_w.l(mvars.o)
    0x2000027c   COMPRESSED   0x00000004   Data   RW         1872    .data               mc_w.l(errno.o)
    0x20000280        -       0x00000148   Zero   RW          333    .bss                page.o
    0x200003c8        -       0x0000000e   Zero   RW          456    .bss                lcd.o
    0x200003d6        -       0x00001000   Zero   RW          498    .bss                w25qxx.o
    0x200013d6   COMPRESSED   0x00000002   PAD
    0x200013d8        -       0x000002c0   Zero   RW          521    .bss                sdio_sdcard.o
    0x20001698        -       0x00000708   Zero   RW          555    .bss                usart3.o
    0x20001da0        -       0x00000258   Zero   RW          587    .bss                esp8266.o
    0x20001ff8        -       0x0000003c   Zero   RW          819    .bss                piclib.o
    0x20002034        -       0x000000c8   Zero   RW          994    .bss                usart.o
    0x200020fc   COMPRESSED   0x00000004   PAD
    0x20002100        -       0x0000aa00   Zero   RW         1146    .bss                malloc.o
    0x2000cb00        -       0x00000021   Zero   RW         1307    .bss                fontupd.o
    0x2000cb21   COMPRESSED   0x00000007   PAD
    0x2000cb28        -       0x00003000   Zero   RW         1027    HEAP                startup_stm32f10x_hd.o
    0x2000fb28        -       0x00000400   Zero   RW         1026    STACK               startup_stm32f10x_hd.o



  Load Region LR$$.ARM.__AT_0x68000000 (Base: 0x68000000, Size: 0x00000000, Max: 0x000f0000, ABSOLUTE)

    Execution Region ER$$.ARM.__AT_0x68000000 (Exec base: 0x68000000, Load base: 0x68000000, Size: 0x000f0000, Max: 0x000f0000, ABSOLUTE, UNINIT)

    Exec Addr    Load Addr    Size         Type   Attr      Idx    E Section Name        Object

    0x68000000        -       0x000f0000   Zero   RW         1144    .ARM.__AT_0x68000000  malloc.o



  Load Region LR$$.ARM.__AT_0x680F0000 (Base: 0x680f0000, Size: 0x00000000, Max: 0x0000f000, ABSOLUTE)

    Execution Region ER$$.ARM.__AT_0x680F0000 (Exec base: 0x680f0000, Load base: 0x680f0000, Size: 0x0000f000, Max: 0x0000f000, ABSOLUTE, UNINIT)

    Exec Addr    Load Addr    Size         Type   Attr      Idx    E Section Name        Object

    0x680f0000        -       0x0000f000   Zero   RW         1145    .ARM.__AT_0x680F0000  malloc.o


==============================================================================

Image component sizes


      Code (inc. data)   RO Data    RW Data    ZI Data      Debug   Object Name

       378          0          0          0          0       2806   24cxx.o
        56          6          0          0          0        488   beep.o
      2188         24          0          0          0       9326   bmp.o
      6784        208          7         12          0      24216   cjson.o
       644         24          0          0          0       2053   ctiic.o
       212         18          0          4          0       1043   delay.o
       412         12          0          0          0       2142   dht11.o
       512          8          0          2          0       4326   diskio.o
      2204        784        128         20        600       5695   esp8266.o
       424         22        408         28          0       2748   exfuns.o
     13028        144         58         10          0      34982   ff.o
      1488        158        111          0         33       4224   fontupd.o
      1408         76         20          7          0       2959   ft5206.o
      3744         24         40          1          0      10326   gif.o
      1112         74        194          1          0       3074   gt9147.o
       252         12          0          1          0        844   key.o
     19036        162       6080          4         14      22254   lcd.o
        76          8          0          0          0     205275   led.o
       584        162          0          0          0     227925   main.o
       556         18         24         28    1088000       4688   malloc.o
       220         22          0          0          0       1801   misc.o
      1644        108      10866          4          0       4282   mp3player.o
        56          8          0          0          0        676   mq2.o
      3580         42          0          0          0      15211   mqttkit.o
       204         12        960          0          0       1617   mycc936.o
       620         14          0          0          0       1884   myiic.o
      2324        994          0         10          0       6783   onenet.o
       876         56         10          1          0       2707   ott2001a.o
      2944        578         10         44        328       7921   page.o
       788         28          0          0         60       5028   piclib.o
        56         10          0          0          0        497   relay.o
      7216        256          0         16        704      24712   sdio_sdcard.o
       516         18          0          0          0       1892   spi.o
        36          8        304          0      13312        784   startup_stm32f10x_hd.o
       596          8          0          0          0       4366   stm32f10x_dma.o
      1548         18          0          0          0       5379   stm32f10x_fsmc.o
       860         38          0          0          0       5733   stm32f10x_gpio.o
        26          0          0          0          0      78614   stm32f10x_it.o
       932         36          0         20          0       8912   stm32f10x_rcc.o
       468         22          0          0          0       7120   stm32f10x_sdio.o
       780         14          0          0          0       6614   stm32f10x_spi.o
      3610         88          0          0          0      22840   stm32f10x_tim.o
      1032         22          0          0          0       8460   stm32f10x_usart.o
        12          0          0          0          0        619   sys.o
       480         38          0         20          0       1743   system_stm32f10x.o
       724         16          0          0          0       3120   text.o
       396         22          0          0          0       1652   timer.o
      4720         72       1216         12          0      17555   tjpgd.o
      4020        222        125         54          0       6857   touch.o
       440         16          0          6        200       3959   usart.o
       648        120          0          0          0       1250   usart2.o
       284         20          0          2       1800       2409   usart3.o
      3128       1288         40         28          0       4374   usmart.o
         0          0        132        268          0       1532   usmart_config.o
      1320         12          0          0          0       5229   usmart_str.o
      1876         50         64          8          0       8422   vs10xx.o
       872         30          0          2       4096       5705   w25qxx.o

    ----------------------------------------------------------------------
    104956       6250      20844        628    1109160     859653   Object Totals
         0          0         32          0          0          0   (incl. Generated)
         6          0         15         15         13          0   (incl. Padding)

    ----------------------------------------------------------------------

      Code (inc. data)   RO Data    RW Data    ZI Data      Debug   Library Member Name

        62         10          0          0          0        340   dunder.o
       220         16          0          0          0         84   floor.o
        40          0          0          0          0         68   fpclassify.o
       170          0          0          0          0         96   poly.o
      2520        190        136          0          0        324   pow.o
         0          0          8          0          0          0   qnan.o
        76          0          0          0          0         84   sqrt.o
        86          0          0          0          0          0   __dczerorl2.o
        28          0          0          0          0         68   _chval.o
       158          0          0          0          0         92   _strtoul.o
        26          0          0          0          0         80   atoi.o
         8          4        133          0          0         68   ctype_o.o
         0          0          0          0          0          0   entry.o
         0          0          0          0          0          0   entry10a.o
         0          0          0          0          0          0   entry11a.o
         8          4          0          0          0          0   entry2.o
         4          0          0          0          0          0   entry5.o
         0          0          0          0          0          0   entry7b.o
         0          0          0          0          0          0   entry8b.o
         8          4          0          0          0          0   entry9a.o
        20         10          0          4          0        136   errno.o
        30          0          0          0          0          0   handlers.o
        36          8          0          0          0         68   init.o
         0          0          0          0          0          0   iusefp.o
        98          0          0          0          0         84   ldiv.o
        30          0          0          0          0         68   llshl.o
        36          0          0          0          0         68   llsshr.o
        32          0          0          0          0         68   llushr.o
       188         20          0          0          0        160   malloc.o
        36          0          0          0          0         68   memcpya.o
        36          0          0          0          0        108   memseta.o
         0          0          0          8          0          0   mvars.o
      2410        106          0          0          0        832   printfa.o
        24          0          0          0          0         68   strcat.o
        20          0          0          0          0         68   strchr.o
        28          0          0          0          0         76   strcmp.o
        18          0          0          0          0         68   strcpy.o
        14          0          0          0          0         68   strlen.o
        40          0          0          0          0         76   strncat.o
        30          0          0          0          0         80   strncmp.o
        36          0          0          0          0         80   strstr.o
       112          0          0          0          0         88   strtol.o
        12          0          0          0          0         68   tolower.o
        44          0          0          0          0         80   uidiv.o
        98          0          0          0          0         92   uldiv.o
        48          0          0          0          0         68   cdcmple.o
        48          0          0          0          0         68   cdrcmple.o
        20          0          0          0          0         68   cfcmple.o
        20          0          0          0          0         68   cfrcmple.o
       334          0          0          0          0        148   dadd.o
       222          0          0          0          0        100   ddiv.o
       186          0          0          0          0        176   depilogue.o
        62          0          0          0          0         80   dfixi.o
        50          0          0          0          0         76   dfixui.o
        48          0          0          0          0         68   dfixul.o
        34          0          0          0          0         76   dflti.o
        26          0          0          0          0         76   dfltui.o
       228          0          0          0          0         96   dmul.o
        46          0          0          0          0         80   dscalb.o
       162          0          0          0          0        100   dsqrt.o
        38          0          0          0          0         68   f2d.o
       176          0          0          0          0        140   fadd.o
       124          0          0          0          0         88   fdiv.o
       110          0          0          0          0        168   fepilogue.o
        50          0          0          0          0         68   ffixi.o
        40          0          0          0          0         68   ffixui.o
        18          0          0          0          0         68   fflti.o
        10          0          0          0          0         68   ffltui.o
       100          0          0          0          0         76   fmul.o

    ----------------------------------------------------------------------
      9052        372        280         12          0       6036   Library Totals
        10          0          3          0          0          0   (incl. Padding)

    ----------------------------------------------------------------------

      Code (inc. data)   RO Data    RW Data    ZI Data      Debug   Library Name

      3088        216        144          0          0        996   m_ws.l
      3754        156        133         12          0       2880   mc_w.l
      2200          0          0          0          0       2160   mf_w.l

    ----------------------------------------------------------------------
      9052        372        280         12          0       6036   Library Totals

    ----------------------------------------------------------------------

==============================================================================


      Code (inc. data)   RO Data    RW Data    ZI Data      Debug   

    114008       6622      21124        640    1109160     857809   Grand Totals
    114008       6622      21124        180    1109160     857809   ELF Image Totals (compressed)
    114008       6622      21124        180          0          0   ROM Totals

==============================================================================

    Total RO  Size (Code + RO Data)               135132 ( 131.96kB)
    Total RW  Size (RW Data + ZI Data)           1109800 (1083.79kB)
    Total ROM Size (Code + RO Data + RW Data)     135312 ( 132.14kB)

==============================================================================

